Archive member included to satisfy reference by file (symbol)

C:/personal/School/MCMAST~1/TRONII~2/SOFTWA~1/PACEMA~1/slprj/ert/_sharedutils/rtwshared.lib(rt_nonfinite.o)
                              Hardware_Hidden_Symulink.o (rtInf)
C:/personal/School/MCMAST~1/TRONII~2/SOFTWA~1/PACEMA~1/slprj/ert/_sharedutils/rtwshared.lib(rt_roundd_snf.o)
                              Hardware_Hidden_Symulink.o (rt_roundd_snf)
C:/personal/School/MCMAST~1/TRONII~2/SOFTWA~1/PACEMA~1/slprj/ert/_sharedutils/rtwshared.lib(rtGetInf.o)
                              C:/personal/School/MCMAST~1/TRONII~2/SOFTWA~1/PACEMA~1/slprj/ert/_sharedutils/rtwshared.lib(rt_nonfinite.o) (rtGetInf)
C:/personal/School/MCMAST~1/TRONII~2/SOFTWA~1/PACEMA~1/slprj/ert/_sharedutils/rtwshared.lib(rtGetNaN.o)
                              C:/personal/School/MCMAST~1/TRONII~2/SOFTWA~1/PACEMA~1/slprj/ert/_sharedutils/rtwshared.lib(rt_nonfinite.o) (rtGetNaN)
C:/ProgramData/MATLAB/SupportPackages/R2022a/3P.instrset/cmsis.instrset/CMSIS/RTOS/RTX/LIB/GCC/libRTX_CM4.a(rt_cmsis.o)
                              RTX_Conf_CM.o (osKernelInitialize)
C:/ProgramData/MATLAB/SupportPackages/R2022a/3P.instrset/cmsis.instrset/CMSIS/RTOS/RTX/LIB/GCC/libRTX_CM4.a(hal_cm.o)
                              C:/ProgramData/MATLAB/SupportPackages/R2022a/3P.instrset/cmsis.instrset/CMSIS/RTOS/RTX/LIB/GCC/libRTX_CM4.a(rt_cmsis.o) (rt_ret_val)
C:/ProgramData/MATLAB/SupportPackages/R2022a/3P.instrset/cmsis.instrset/CMSIS/RTOS/RTX/LIB/GCC/libRTX_CM4.a(rt_memory.o)
                              C:/ProgramData/MATLAB/SupportPackages/R2022a/3P.instrset/cmsis.instrset/CMSIS/RTOS/RTX/LIB/GCC/libRTX_CM4.a(rt_cmsis.o) (rt_init_mem)
C:/ProgramData/MATLAB/SupportPackages/R2022a/3P.instrset/cmsis.instrset/CMSIS/RTOS/RTX/LIB/GCC/libRTX_CM4.a(rt_membox.o)
                              C:/ProgramData/MATLAB/SupportPackages/R2022a/3P.instrset/cmsis.instrset/CMSIS/RTOS/RTX/LIB/GCC/libRTX_CM4.a(rt_cmsis.o) (_init_box)
C:/ProgramData/MATLAB/SupportPackages/R2022a/3P.instrset/cmsis.instrset/CMSIS/RTOS/RTX/LIB/GCC/libRTX_CM4.a(rt_mutex.o)
                              C:/ProgramData/MATLAB/SupportPackages/R2022a/3P.instrset/cmsis.instrset/CMSIS/RTOS/RTX/LIB/GCC/libRTX_CM4.a(rt_cmsis.o) (rt_mut_init)
C:/ProgramData/MATLAB/SupportPackages/R2022a/3P.instrset/cmsis.instrset/CMSIS/RTOS/RTX/LIB/GCC/libRTX_CM4.a(rt_time.o)
                              C:/ProgramData/MATLAB/SupportPackages/R2022a/3P.instrset/cmsis.instrset/CMSIS/RTOS/RTX/LIB/GCC/libRTX_CM4.a(rt_cmsis.o) (os_time)
C:/ProgramData/MATLAB/SupportPackages/R2022a/3P.instrset/cmsis.instrset/CMSIS/RTOS/RTX/LIB/GCC/libRTX_CM4.a(rt_semaphore.o)
                              C:/ProgramData/MATLAB/SupportPackages/R2022a/3P.instrset/cmsis.instrset/CMSIS/RTOS/RTX/LIB/GCC/libRTX_CM4.a(rt_cmsis.o) (rt_sem_init)
C:/ProgramData/MATLAB/SupportPackages/R2022a/3P.instrset/cmsis.instrset/CMSIS/RTOS/RTX/LIB/GCC/libRTX_CM4.a(rt_mailbox.o)
                              C:/ProgramData/MATLAB/SupportPackages/R2022a/3P.instrset/cmsis.instrset/CMSIS/RTOS/RTX/LIB/GCC/libRTX_CM4.a(rt_cmsis.o) (rt_mbx_init)
C:/ProgramData/MATLAB/SupportPackages/R2022a/3P.instrset/cmsis.instrset/CMSIS/RTOS/RTX/LIB/GCC/libRTX_CM4.a(rt_list.o)
                              C:/ProgramData/MATLAB/SupportPackages/R2022a/3P.instrset/cmsis.instrset/CMSIS/RTOS/RTX/LIB/GCC/libRTX_CM4.a(rt_cmsis.o) (rt_put_prio)
C:/ProgramData/MATLAB/SupportPackages/R2022a/3P.instrset/cmsis.instrset/CMSIS/RTOS/RTX/LIB/GCC/libRTX_CM4.a(rt_event.o)
                              C:/ProgramData/MATLAB/SupportPackages/R2022a/3P.instrset/cmsis.instrset/CMSIS/RTOS/RTX/LIB/GCC/libRTX_CM4.a(rt_cmsis.o) (rt_evt_wait)
C:/ProgramData/MATLAB/SupportPackages/R2022a/3P.instrset/cmsis.instrset/CMSIS/RTOS/RTX/LIB/GCC/libRTX_CM4.a(rt_system.o)
                              C:/ProgramData/MATLAB/SupportPackages/R2022a/3P.instrset/cmsis.instrset/CMSIS/RTOS/RTX/LIB/GCC/libRTX_CM4.a(rt_cmsis.o) (rt_suspend)
C:/ProgramData/MATLAB/SupportPackages/R2022a/3P.instrset/cmsis.instrset/CMSIS/RTOS/RTX/LIB/GCC/libRTX_CM4.a(rt_task.o)
                              C:/ProgramData/MATLAB/SupportPackages/R2022a/3P.instrset/cmsis.instrset/CMSIS/RTOS/RTX/LIB/GCC/libRTX_CM4.a(rt_system.o) (rt_switch_req)
C:/ProgramData/MATLAB/SupportPackages/R2022a/3P.instrset/cmsis.instrset/CMSIS/RTOS/RTX/LIB/GCC/libRTX_CM4.a(hal_cm4.o)
                              C:/ProgramData/MATLAB/SupportPackages/R2022a/3P.instrset/cmsis.instrset/CMSIS/RTOS/RTX/LIB/GCC/libRTX_CM4.a(rt_task.o) (rt_get_PSP)
C:/ProgramData/MATLAB/SupportPackages/R2022a/3P.instrset/cmsis.instrset/CMSIS/RTOS/RTX/LIB/GCC/libRTX_CM4.a(svc_table.o)
                              C:/ProgramData/MATLAB/SupportPackages/R2022a/3P.instrset/cmsis.instrset/CMSIS/RTOS/RTX/LIB/GCC/libRTX_CM4.a(hal_cm4.o) (SVC_Table)
C:/ProgramData/MATLAB/SupportPackages/R2022a/3P.instrset/cmsis.instrset/CMSIS/RTOS/RTX/LIB/GCC/libRTX_CM4.a(rt_robin.o)
[...]
Memory Configuration

Name             Origin             Length             Attributes
m_interrupts     0x00000000         0x00000400         xr
m_flash_config   0x00000400         0x00000010         xr
m_text           0x00000410         0x000ffbf0         xr
m_data_2         0x1fff0000         0x00010000         rw
m_data           0x20000000         0x00030000         rw
*default*        0x00000000         0xffffffff

Linker script and memory map

LOAD c:/progra~3/matlab/suppor~1/r2022a/3p778c~1.ins/gnuarm~1.ins/win/bin/../lib/gcc/arm-none-eabi/9.3.1/thumb/v7e-m+fp/hard/crti.o
LOAD c:/progra~3/matlab/suppor~1/r2022a/3p778c~1.ins/gnuarm~1.ins/win/bin/../lib/gcc/arm-none-eabi/9.3.1/thumb/v7e-m+fp/hard/crtbegin.o
LOAD c:/progra~3/matlab/suppor~1/r2022a/3p778c~1.ins/gnuarm~1.ins/win/bin/../lib/gcc/arm-none-eabi/9.3.1/../../../../arm-none-eabi/lib/thumb/v7e-m+fp/hard/crt0.o
LOAD MW_digitalIO.o
LOAD mw_sdk_interface.o
LOAD MW_PWM.o
LOAD i2c_api.o
LOAD MW_I2C.o
LOAD MW_SCI.o
LOAD MW_AnalogInput.o
LOAD ert_main.o
LOAD Hardware_Hidden_Symulink.o
LOAD Hardware_Hidden_Symulink_data.o
LOAD send_param.o
LOAD startup.o
LOAD system_MK64F12.o
LOAD startup_MK64F12.o
LOAD board.o
LOAD hardware_init.o
LOAD pin_mux.o
LOAD fsl_misc_utilities.o
LOAD fsl_edma_irq.o
LOAD fsl_uart_irq.o
LOAD irq_stub.o
LOAD sbrk.o
LOAD cmsis_rtos_init.o
LOAD RTX_Conf_CM.o
LOAD mw_thread.o
LOAD mw_semaphore.o
LOAD mw_timer.o
LOAD mw_signal.o
LOAD C:/personal/School/MCMAST~1/TRONII~2/SOFTWA~1/PACEMA~1/slprj/ert/_sharedutils/rtwshared.lib
LOAD C:/ProgramData/MATLAB/SupportPackages/R2022a/3P.instrset/cmsis.instrset/CMSIS/DSP/Lib/GCC/libarm_cortexM4lf_math.a
LOAD C:/ProgramData/MATLAB/SupportPackages/R2022a/3P.instrset/cmsis.instrset/CMSIS/RTOS/RTX/LIB/GCC/libRTX_CM4.a
LOAD C:/ProgramData/MATLAB/SupportPackages/R2022a/toolbox/target/supportpackages/freedomk64f/src/ksdk_armgcc_lib/bm/libksdk_platform.a
LOAD c:/progra~3/matlab/suppor~1/r2022a/3p778c~1.ins/gnuarm~1.ins/win/bin/../lib/gcc/arm-none-eabi/9.3.1/../../../../arm-none-eabi/lib/thumb/v7e-m+fp/hard\libstdc++.a
LOAD c:/progra~3/matlab/suppor~1/r2022a/3p778c~1.ins/gnuarm~1.ins/win/bin/../lib/gcc/arm-none-eabi/9.3.1/../../../../arm-none-eabi/lib/thumb/v7e-m+fp/hard\libm.a
START GROUP
LOAD c:/progra~3/matlab/suppor~1/r2022a/3p778c~1.ins/gnuarm~1.ins/win/bin/../lib/gcc/arm-none-eabi/9.3.1/thumb/v7e-m+fp/hard\libgcc.a
LOAD c:/progra~3/matlab/suppor~1/r2022a/3p778c~1.ins/gnuarm~1.ins/win/bin/../lib/gcc/arm-none-eabi/9.3.1/../../../../arm-none-eabi/lib/thumb/v7e-m+fp/hard\libg.a
LOAD c:/progra~3/matlab/suppor~1/r2022a/3p778c~1.ins/gnuarm~1.ins/win/bin/../lib/gcc/arm-none-eabi/9.3.1/../../../../arm-none-eabi/lib/thumb/v7e-m+fp/hard\libc.a
END GROUP
START GROUP
LOAD c:/progra~3/matlab/suppor~1/r2022a/3p778c~1.ins/gnuarm~1.ins/win/bin/../lib/gcc/arm-none-eabi/9.3.1/thumb/v7e-m+fp/hard\libgcc.a
LOAD c:/progra~3/matlab/suppor~1/r2022a/3p778c~1.ins/gnuarm~1.ins/win/bin/../lib/gcc/arm-none-eabi/9.3.1/../../../../arm-none-eabi/lib/thumb/v7e-m+fp/hard\libc.a
LOAD c:/progra~3/matlab/suppor~1/r2022a/3p778c~1.ins/gnuarm~1.ins/win/bin/../lib/gcc/arm-none-eabi/9.3.1/../../../../arm-none-eabi/lib/thumb/v7e-m+fp/hard\libnosys.a
END GROUP
LOAD c:/progra~3/matlab/suppor~1/r2022a/3p778c~1.ins/gnuarm~1.ins/win/bin/../lib/gcc/arm-none-eabi/9.3.1/thumb/v7e-m+fp/hard/crtend.o
LOAD c:/progra~3/matlab/suppor~1/r2022a/3p778c~1.ins/gnuarm~1.ins/win/bin/../lib/gcc/arm-none-eabi/9.3.1/thumb/v7e-m+fp/hard/crtn.o
                0x00000400                HEAP_SIZE = DEFINED (__heap_size__)?__heap_size__:0x400
                0x00000400                STACK_SIZE = DEFINED (__stack_size__)?__stack_size__:0x400
                0x00000000                M_VECTOR_RAM_SIZE = DEFINED (__ram_vector_table__)?0x400:0x0

.interrupts     0x00000000      0x400
                0x00000000                __VECTOR_TABLE = .
                0x00000000                . = ALIGN (0x4)
 *(.isr_vector)
 .isr_vector    0x00000000      0x400 startup_MK64F12.o
                0x00000000                __isr_vector
                0x00000400                . = ALIGN (0x4)

.flash_config   0x00000400       0x10
                0x00000400                . = ALIGN (0x4)
 *(.FlashConfig)
 .FlashConfig   0x00000400       0x10 startup_MK64F12.o
                0x00000410                . = ALIGN (0x4)

.text           0x00000440     0xf8e8
                0x00000440                . = ALIGN (0x4)
 *(.text)
 .text          0x00000440       0x40 c:/progra~3/matlab/suppor~1/r2022a/3p778c~1.ins/gnuarm~1.ins/win/bin/../lib/gcc/arm-none-eabi/9.3.1/thumb/v7e-m+fp/hard/crtbegin.o
 .text          0x00000480       0x7c c:/progra~3/matlab/suppor~1/r2022a/3p778c~1.ins/gnuarm~1.ins/win/bin/../lib/gcc/arm-none-eabi/9.3.1/../../../../arm-none-eabi/lib/thumb/v7e-m+fp/hard/crt0.o
                0x00000480                _stack_init
                0x00000488                _start
                0x00000488                _mainCRTStartup
 .text          0x000004fc       0x14 startup_MK64F12.o
                0x000004fc                Reset_Handler
                0x0000050c                ENET_Receive_IRQHandler
                0x0000050c                ENET_1588_Timer_IRQHandler
                0x0000050c                DefaultISR
                0x0000050c                PIT2_IRQHandler
                0x0000050c                PIT0_IRQHandler
                0x0000050c                ENET_Error_IRQHandler
                0x0000050c                PIT3_IRQHandler
                0x0000050c                SDHC_IRQHandler
                0x0000050c                ENET_Transmit_IRQHandler
                0x0000050c                PIT1_IRQHandler
 .text          0x00000510      0x198 C:/ProgramData/MATLAB/SupportPackages/R2022a/3P.instrset/cmsis.instrset/CMSIS/RTOS/RTX/LIB/GCC/libRTX_CM4.a(hal_cm4.o)
                0x00000510                rt_set_PSP
                0x00000516                rt_get_PSP
                0x0000051c                os_set_env
                0x00000534                _alloc_box
                0x00000550                _free_box
                0x0000056c                SVC_Handler
                0x00000612                PendSV_Handler
                0x00000618                Sys_Switch
                0x00000672                SysTick_Handler
                0x0000067c                OS_Tick_Handler
 .text          0x000006a8      0x378 c:/progra~3/matlab/suppor~1/r2022a/3p778c~1.ins/gnuarm~1.ins/win/bin/../lib/gcc/arm-none-eabi/9.3.1/thumb/v7e-m+fp/hard\libgcc.a(_arm_addsubdf3.o)
                0x000006a8                __aeabi_drsub
                0x000006b0                __aeabi_dsub
                0x000006b0                __subdf3
                0x000006b4                __aeabi_dadd
                0x000006b4                __adddf3
                0x0000092c                __floatunsidf
                0x0000092c                __aeabi_ui2d
                0x0000094c                __floatsidf
                0x0000094c                __aeabi_i2d
                0x00000970                __aeabi_f2d
                0x00000970                __extendsfdf2
                0x000009b4                __floatundidf
                0x000009b4                __aeabi_ul2d
                0x000009c4                __floatdidf
                0x000009c4                __aeabi_l2d
 .text          0x00000a20      0x424 c:/progra~3/matlab/suppor~1/r2022a/3p778c~1.ins/gnuarm~1.ins/win/bin/../lib/gcc/arm-none-eabi/9.3.1/thumb/v7e-m+fp/hard\libgcc.a(_arm_muldivdf3.o)
                0x00000a20                __aeabi_dmul
                0x00000a20                __muldf3
                0x00000c74                __divdf3
                0x00000c74                __aeabi_ddiv
 .text          0x00000e44      0x110 c:/progra~3/matlab/suppor~1/r2022a/3p778c~1.ins/gnuarm~1.ins/win/bin/../lib/gcc/arm-none-eabi/9.3.1/thumb/v7e-m+fp/hard\libgcc.a(_arm_cmpdf2.o)
                0x00000e44                __gtdf2
                0x00000e44                __gedf2
                0x00000e4c                __ltdf2
                0x00000e4c                __ledf2
                0x00000e54                __nedf2
                0x00000e54                __eqdf2
                0x00000e54                __cmpdf2
                0x00000ed0                __aeabi_cdrcmple
                0x00000ee0                __aeabi_cdcmpeq
                0x00000ee0                __aeabi_cdcmple
                0x00000ef0                __aeabi_dcmpeq
                0x00000f04                __aeabi_dcmplt
                0x00000f18                __aeabi_dcmple
                0x00000f2c                __aeabi_dcmpge
                0x00000f40                __aeabi_dcmpgt
 .text          0x00000f54       0x2c c:/progra~3/matlab/suppor~1/r2022a/3p778c~1.ins/gnuarm~1.ins/win/bin/../lib/gcc/arm-none-eabi/9.3.1/thumb/v7e-m+fp/hard\libgcc.a(_arm_unorddf2.o)
                0x00000f54                __unorddf2
                0x00000f54                __aeabi_dcmpun
 .text          0x00000f80       0x40 c:/progra~3/matlab/suppor~1/r2022a/3p778c~1.ins/gnuarm~1.ins/win/bin/../lib/gcc/arm-none-eabi/9.3.1/thumb/v7e-m+fp/hard\libgcc.a(_arm_fixunsdfsi.o)
                0x00000f80                __aeabi_d2uiz
                0x00000f80                __fixunsdfsi
 .text          0x00000fc0       0x30 c:/progra~3/matlab/suppor~1/r2022a/3p778c~1.ins/gnuarm~1.ins/win/bin/../lib/gcc/arm-none-eabi/9.3.1/thumb/v7e-m+fp/hard\libgcc.a(_aeabi_uldivmod.o)
                0x00000fc0                __aeabi_uldivmod
 .text          0x00000ff0      0x2c4 c:/progra~3/matlab/suppor~1/r2022a/3p778c~1.ins/gnuarm~1.ins/win/bin/../lib/gcc/arm-none-eabi/9.3.1/thumb/v7e-m+fp/hard\libgcc.a(_udivmoddi4.o)
                0x00000ff0                __udivmoddi4
 .text          0x000012b4      0x9b8 c:/progra~3/matlab/suppor~1/r2022a/3p778c~1.ins/gnuarm~1.ins/win/bin/../lib/gcc/arm-none-eabi/9.3.1/thumb/v7e-m+fp/hard\libgcc.a(unwind-arm.o)
                0x0000155c                _Unwind_GetCFA
                0x00001560                __gnu_Unwind_RaiseException
                0x000015c0                __gnu_Unwind_ForcedUnwind
                0x000015d4                __gnu_Unwind_Resume
                0x00001618                __gnu_Unwind_Resume_or_Rethrow
                0x00001628                _Unwind_Complete
                0x0000162c                _Unwind_DeleteException
                0x00001638                _Unwind_VRS_Get
                0x00001680                _Unwind_VRS_Set
                0x000016c8                __gnu_Unwind_Backtrace
                0x000019e8                __aeabi_unwind_cpp_pr0
                0x000019ec                __aeabi_unwind_cpp_pr1
                0x000019f0                __aeabi_unwind_cpp_pr2
                0x000019f4                _Unwind_VRS_Pop
 .text          0x00001c6c      0x1ac c:/progra~3/matlab/suppor~1/r2022a/3p778c~1.ins/gnuarm~1.ins/win/bin/../lib/gcc/arm-none-eabi/9.3.1/thumb/v7e-m+fp/hard\libgcc.a(libunwind.o)
                0x00001c6c                __restore_core_regs
                0x00001c6c                restore_core_regs
                0x00001c84                __gnu_Unwind_Restore_VFP
                0x00001c8c                __gnu_Unwind_Save_VFP
                0x00001c94                __gnu_Unwind_Restore_VFP_D
                0x00001c9c                __gnu_Unwind_Save_VFP_D
                0x00001ca4                __gnu_Unwind_Restore_VFP_D_16_to_31
                0x00001cac                __gnu_Unwind_Save_VFP_D_16_to_31
                0x00001cb4                __gnu_Unwind_Restore_WMMXD
                0x00001cf8                __gnu_Unwind_Save_WMMXD
                0x00001d3c                __gnu_Unwind_Restore_WMMXC
                0x00001d50                __gnu_Unwind_Save_WMMXC
                0x00001d64                ___Unwind_RaiseException
                0x00001d64                _Unwind_RaiseException
                0x00001d88                _Unwind_Resume
                0x00001d88                ___Unwind_Resume
                0x00001dac                _Unwind_Resume_or_Rethrow
                0x00001dac                ___Unwind_Resume_or_Rethrow
                0x00001dd0                _Unwind_ForcedUnwind
                0x00001dd0                ___Unwind_ForcedUnwind
                0x00001df4                ___Unwind_Backtrace
                0x00001df4                _Unwind_Backtrace
 .text          0x00001e18      0x340 c:/progra~3/matlab/suppor~1/r2022a/3p778c~1.ins/gnuarm~1.ins/win/bin/../lib/gcc/arm-none-eabi/9.3.1/thumb/v7e-m+fp/hard\libgcc.a(pr-support.o)
                0x00001e70                __gnu_unwind_execute
                0x0000210c                __gnu_unwind_frame
                0x00002138                _Unwind_GetRegionStart
                0x00002144                _Unwind_GetLanguageSpecificData
 .text          0x00002158        0x4 c:/progra~3/matlab/suppor~1/r2022a/3p778c~1.ins/gnuarm~1.ins/win/bin/../lib/gcc/arm-none-eabi/9.3.1/thumb/v7e-m+fp/hard\libgcc.a(_dvmd_tls.o)
                0x00002158                __aeabi_idiv0
                0x00002158                __aeabi_ldiv0
 .text          0x0000215c      0x134 c:/progra~3/matlab/suppor~1/r2022a/3p778c~1.ins/gnuarm~1.ins/win/bin/../lib/gcc/arm-none-eabi/9.3.1/../../../../arm-none-eabi/lib/thumb/v7e-m+fp/hard\libg.a(lib_a-memcpy.o)
                0x0000215c                memcpy
 .text          0x00002290       0xa0 c:/progra~3/matlab/suppor~1/r2022a/3p778c~1.ins/gnuarm~1.ins/win/bin/../lib/gcc/arm-none-eabi/9.3.1/../../../../arm-none-eabi/lib/thumb/v7e-m+fp/hard\libg.a(lib_a-memchr.o)
                0x00002290                memchr
 *fill*         0x00002330       0x10 
 .text          0x00002340       0xdc c:/progra~3/matlab/suppor~1/r2022a/3p778c~1.ins/gnuarm~1.ins/win/bin/../lib/gcc/arm-none-eabi/9.3.1/../../../../arm-none-eabi/lib/thumb/v7e-m+fp/hard\libg.a(lib_a-strlen.o)
                0x00002340                strlen
 *(.text*)
 .text.MW_digitalIO_open
                0x0000241c       0xe0 MW_digitalIO.o
                0x0000241c                MW_digitalIO_open
 .text.MW_digitalIO_read
                0x000024fc       0x70 MW_digitalIO.o
                0x000024fc                MW_digitalIO_read
 .text.MW_digitalIO_write
                0x0000256c       0x7e MW_digitalIO.o
                0x0000256c                MW_digitalIO_write
 .text.MW_digitalIO_close
                0x000025ea       0x3c MW_digitalIO.o
                0x000025ea                MW_digitalIO_close
 *fill*         0x00002626        0x2 
 .text.PORT_HAL_SetMuxMode
                0x00002628       0x58 MW_PWM.o
 .text.FTM_HAL_SetClockSource
                0x00002680       0x2e MW_PWM.o
 *fill*         0x000026ae        0x2 
 .text.MW_PWM_Open
                0x000026b0      0x164 MW_PWM.o
                0x000026b0                MW_PWM_Open
 .text.MW_PWM_Start
                0x00002814       0x14 MW_PWM.o
                0x00002814                MW_PWM_Start
 .text.MW_PWM_SetDutyCycle
                0x00002828       0x7c MW_PWM.o
                0x00002828                MW_PWM_SetDutyCycle
 .text.MW_PWM_Stop
                0x000028a4       0x2c MW_PWM.o
                0x000028a4                MW_PWM_Stop
 .text.MW_PWM_Close
                0x000028d0       0x14 MW_PWM.o
                0x000028d0                MW_PWM_Close
 .text.CLOCK_SYS_GetI2cFreq
                0x000028e4       0x16 i2c_api.o
 .text.I2C_HAL_Enable
                0x000028fa       0x28 i2c_api.o
 .text.I2C_HAL_SendAck
                0x00002922       0x28 i2c_api.o
 .text.I2C_HAL_SendNak
                0x0000294a       0x28 i2c_api.o
 .text.I2C_HAL_SetDirMode
                0x00002972       0x2e i2c_api.o
 .text.I2C_HAL_ReadByte
                0x000029a0       0x1a i2c_api.o
 .text.I2C_HAL_WriteByte
                0x000029ba       0x1e i2c_api.o
 .text.I2C_HAL_GetStatusFlag
                0x000029d8       0x34 i2c_api.o
 .text.I2C_HAL_IsMaster
                0x00002a0c       0x32 i2c_api.o
 .text.I2C_HAL_SetIntCmd
                0x00002a3e       0x2c i2c_api.o
 .text.I2C_HAL_ClearInt
                0x00002a6a       0x1a i2c_api.o
 .text.PORT_HAL_SetOpenDrainCmd
                0x00002a84       0x50 i2c_api.o
 .text.PORT_HAL_SetMuxMode
                0x00002ad4       0x58 i2c_api.o
 .text.i2c_init
                0x00002b2c       0x54 i2c_api.o
                0x00002b2c                i2c_init
 .text.i2c_start
                0x00002b80       0x28 i2c_api.o
                0x00002b80                i2c_start
 .text.i2c_stop
                0x00002ba8       0x50 i2c_api.o
                0x00002ba8                i2c_stop
 .text.timeout_status_poll
                0x00002bf8       0x58 i2c_api.o
 .text.i2c_wait_end_tx_transfer
                0x00002c50       0x54 i2c_api.o
 .text.i2c_wait_end_rx_transfer
                0x00002ca4       0x3c i2c_api.o
 .text.i2c_do_write
                0x00002ce0       0x38 i2c_api.o
 .text.i2c_do_read
                0x00002d18       0x50 i2c_api.o
 .text.i2c_frequency
                0x00002d68       0x50 i2c_api.o
                0x00002d68                i2c_frequency
 .text.i2c_read
                0x00002db8       0xe0 i2c_api.o
                0x00002db8                i2c_read
 .text.i2c_write
                0x00002e98       0x90 i2c_api.o
                0x00002e98                i2c_write
 .text.configure_i2c_pins
                0x00002f28       0x7c i2c_api.o
                0x00002f28                configure_i2c_pins
 .text.MW_I2C_Open
                0x00002fa4       0x48 MW_I2C.o
                0x00002fa4                MW_I2C_Open
 .text.MW_I2C_SetBusSpeed
                0x00002fec       0x2e MW_I2C.o
                0x00002fec                MW_I2C_SetBusSpeed
 .text.MW_I2C_MasterRead
                0x0000301a       0x68 MW_I2C.o
                0x0000301a                MW_I2C_MasterRead
 .text.MW_I2C_MasterWrite
                0x00003082       0x68 MW_I2C.o
                0x00003082                MW_I2C_MasterWrite
 .text.MW_I2C_Close
                0x000030ea       0x14 MW_I2C.o
                0x000030ea                MW_I2C_Close
 *fill*         0x000030fe        0x2 
 .text.EDMA_HAL_HTCDSetDestAddr
                0x00003100       0x48 MW_SCI.o
 .text.EDMA_HAL_HTCDSetIntCmd
                0x00003148       0x58 MW_SCI.o
 .text.MW_SCI_Open
                0x000031a0      0x5b0 MW_SCI.o
                0x000031a0                MW_SCI_Open
 .text.MW_SCI_SetBaudrate
                0x00003750       0x18 MW_SCI.o
                0x00003750                MW_SCI_SetBaudrate
 .text.MW_SCI_SetFrameFormat
                0x00003768       0x28 MW_SCI.o
                0x00003768                MW_SCI_SetFrameFormat
 .text.MW_SCI_Receive
                0x00003790       0xa4 MW_SCI.o
                0x00003790                MW_SCI_Receive
 .text.MW_SCI_Transmit
                0x00003834       0x80 MW_SCI.o
                0x00003834                MW_SCI_Transmit
 .text.MW_SCI_Close
                0x000038b4       0x14 MW_SCI.o
                0x000038b4                MW_SCI_Close
 .text.MW_UART_DRV_EdmaStartReceiveData
                0x000038c8       0xac MW_SCI.o
 .text.MW_UART_DRV_EdmaRxCallback
                0x00003974       0x1c MW_SCI.o
 .text.MW_UART_DRV_EdmaCompleteReceiveData
                0x00003990      0x120 MW_SCI.o
 .text.MW_AnalogInSingle_Open
                0x00003ab0       0xa8 MW_AnalogInput.o
                0x00003ab0                MW_AnalogInSingle_Open
 .text.MW_AnalogIn_SetTriggerSource
                0x00003b58       0x1a MW_AnalogInput.o
                0x00003b58                MW_AnalogIn_SetTriggerSource
 *fill*         0x00003b72        0x6 
 .text.MW_AnalogInSingle_ReadResult
                0x00003b78       0xb8 MW_AnalogInput.o
                0x00003b78                MW_AnalogInSingle_ReadResult
 .text.MW_AnalogIn_Start
                0x00003c30       0x14 MW_AnalogInput.o
                0x00003c30                MW_AnalogIn_Start
 .text.MW_AnalogIn_Stop
                0x00003c44       0x14 MW_AnalogInput.o
                0x00003c44                MW_AnalogIn_Stop
 .text.MW_AnalogIn_Close
                0x00003c58       0x14 MW_AnalogInput.o
                0x00003c58                MW_AnalogIn_Close
 .text.subrateTask
                0x00003c6c       0x60 ert_main.o
                0x00003c6c                subrateTask
 .text.baseRateTask
                0x00003ccc       0x8c ert_main.o
                0x00003ccc                baseRateTask
 .text.terminateTask
                0x00003d58       0x9c ert_main.o
                0x00003d58                terminateTask
 .text.main     0x00003df4       0x54 ert_main.o
                0x00003df4                main
 .text.rate_monotonic_scheduler
                0x00003e48       0x2c Hardware_Hidden_Symulink.o
 .text.Hardware_Hidd_bitshift_anonFcn1
                0x00003e74       0xb4 Hardware_Hidden_Symulink.o
 .text.Hardware_Hidden_Symu_CharingC22
                0x00003f28      0x134 Hardware_Hidden_Symulink.o
 .text.Hardware_Hidden_Sy_CharingC22_p
                0x0000405c       0xd4 Hardware_Hidden_Symulink.o
 .text.Hardware_Hidden_Symu_CharingC23
                0x00004130      0x108 Hardware_Hidden_Symulink.o
 .text.enter_internal_c3_Hardware_Hidd
                0x00004238      0x164 Hardware_Hidden_Symulink.o
 .text.Hardware_Hi_SystemCore_setup_hp
                0x0000439c       0x88 Hardware_Hidden_Symulink.o
 .text.Hardware_Hid_SystemCore_setup_h
                0x00004424      0x1a4 Hardware_Hidden_Symulink.o
 .text.Hardware_Hidden_Symulink_step0
                0x000045c8        0xc Hardware_Hidden_Symulink.o
                0x000045c8                Hardware_Hidden_Symulink_step0
 *fill*         0x000045d4        0x4 
 .text.Hardware_Hidden_Symulink_step1
                0x000045d8     0x15a4 Hardware_Hidden_Symulink.o
                0x000045d8                Hardware_Hidden_Symulink_step1
 .text.Hardware_Hidden_Symulink_step
                0x00005b7c       0x2a Hardware_Hidden_Symulink.o
                0x00005b7c                Hardware_Hidden_Symulink_step
 *fill*         0x00005ba6        0x2 
 .text.Hardware_Hidden_Symulink_initialize
                0x00005ba8      0x430 Hardware_Hidden_Symulink.o
                0x00005ba8                Hardware_Hidden_Symulink_initialize
 .text.Hardware_Hidden_Symulink_terminate
                0x00005fd8      0x304 Hardware_Hidden_Symulink.o
                0x00005fd8                Hardware_Hidden_Symulink_terminate
 .text.Hardware_Hidde_SystemCore_setup
                0x000062dc       0x64 send_param.o
 .text.send_param_Init
                0x00006340      0x108 send_param.o
                0x00006340                send_param_Init
 .text.send_param
                0x00006448      0x18c send_param.o
                0x00006448                send_param
 .text.send_param_Term
                0x000065d4       0xb0 send_param.o
                0x000065d4                send_param_Term
 .text.init_data_bss
                0x00006684       0xd0 startup.o
                0x00006684                init_data_bss
 .text.SystemInit
                0x00006754      0x1dc system_MK64F12.o
                0x00006754                SystemInit
 .text.SystemCoreClockUpdate
                0x00006930      0x290 system_MK64F12.o
                0x00006930                SystemCoreClockUpdate
 .text.PORT_HAL_SetMuxMode
                0x00006bc0       0x58 board.o
 .text.SMC_HAL_SetProtection
                0x00006c18       0x1e board.o
 *fill*         0x00006c36        0x2 
 .text.BOARD_InitOsc0
                0x00006c38       0x30 board.o
                0x00006c38                BOARD_InitOsc0
 .text.BOARD_InitRtcOsc
                0x00006c68       0x28 board.o
                0x00006c68                BOARD_InitRtcOsc
 .text.BOARD_ClockInit
                0x00006c90       0x34 board.o
                0x00006c90                BOARD_ClockInit
 .text.hardware_init
                0x00006cc4       0x30 hardware_init.o
                0x00006cc4                hardware_init
 .text.PORT_HAL_SetMuxMode
                0x00006cf4       0x58 pin_mux.o
 .text.SIM_HAL_EnableClock
                0x00006d4c       0x44 pin_mux.o
 .text.configure_uart_pins
                0x00006d90      0x194 pin_mux.o
                0x00006d90                configure_uart_pins
 .text.DMA0_IRQHandler
                0x00006f24        0xe fsl_edma_irq.o
                0x00006f24                DMA0_IRQHandler
 .text.DMA1_IRQHandler
                0x00006f32        0xe fsl_edma_irq.o
                0x00006f32                DMA1_IRQHandler
 .text.DMA2_IRQHandler
                0x00006f40        0xe fsl_edma_irq.o
                0x00006f40                DMA2_IRQHandler
 .text.DMA3_IRQHandler
                0x00006f4e        0xe fsl_edma_irq.o
                0x00006f4e                DMA3_IRQHandler
 .text.DMA4_IRQHandler
                0x00006f5c        0xe fsl_edma_irq.o
                0x00006f5c                DMA4_IRQHandler
 .text.DMA5_IRQHandler
                0x00006f6a        0xe fsl_edma_irq.o
                0x00006f6a                DMA5_IRQHandler
 .text.DMA6_IRQHandler
                0x00006f78        0xe fsl_edma_irq.o
                0x00006f78                DMA6_IRQHandler
 .text.DMA7_IRQHandler
                0x00006f86        0xe fsl_edma_irq.o
                0x00006f86                DMA7_IRQHandler
 .text.DMA8_IRQHandler
                0x00006f94        0xe fsl_edma_irq.o
                0x00006f94                DMA8_IRQHandler
 .text.DMA9_IRQHandler
                0x00006fa2        0xe fsl_edma_irq.o
                0x00006fa2                DMA9_IRQHandler
 .text.DMA10_IRQHandler
                0x00006fb0        0xe fsl_edma_irq.o
                0x00006fb0                DMA10_IRQHandler
 .text.DMA11_IRQHandler
                0x00006fbe        0xe fsl_edma_irq.o
                0x00006fbe                DMA11_IRQHandler
 .text.DMA12_IRQHandler
                0x00006fcc        0xe fsl_edma_irq.o
                0x00006fcc                DMA12_IRQHandler
 .text.DMA13_IRQHandler
                0x00006fda        0xe fsl_edma_irq.o
                0x00006fda                DMA13_IRQHandler
 .text.DMA14_IRQHandler
                0x00006fe8        0xe fsl_edma_irq.o
                0x00006fe8                DMA14_IRQHandler
 .text.DMA15_IRQHandler
                0x00006ff6        0xe fsl_edma_irq.o
                0x00006ff6                DMA15_IRQHandler
 .text.DMA_Error_IRQHandler
                0x00007004        0xe fsl_edma_irq.o
                0x00007004                DMA_Error_IRQHandler
 .text.UART0_RX_TX_IRQHandler
                0x00007012        0xe fsl_uart_irq.o
                0x00007012                UART0_RX_TX_IRQHandler
 .text.UART1_RX_TX_IRQHandler
                0x00007020        0xe fsl_uart_irq.o
                0x00007020                UART1_RX_TX_IRQHandler
 .text.UART2_RX_TX_IRQHandler
                0x0000702e        0xe fsl_uart_irq.o
                0x0000702e                UART2_RX_TX_IRQHandler
 .text.UART3_RX_TX_IRQHandler
                0x0000703c        0xe fsl_uart_irq.o
                0x0000703c                UART3_RX_TX_IRQHandler
 .text.UART4_RX_TX_IRQHandler
                0x0000704a        0xe fsl_uart_irq.o
                0x0000704a                UART4_RX_TX_IRQHandler
 .text.UART5_RX_TX_IRQHandler
                0x00007058        0xe fsl_uart_irq.o
                0x00007058                UART5_RX_TX_IRQHandler
 .text.NMI_Handler
                0x00007066        0x6 irq_stub.o
                0x00007066                NMI_Handler
 .text.HardFault_Handler
                0x0000706c        0x6 irq_stub.o
                0x0000706c                HardFault_Handler
 .text.MemManage_Handler
                0x00007072        0x6 irq_stub.o
                0x00007072                MemManage_Handler
 .text.BusFault_Handler
                0x00007078        0x6 irq_stub.o
                0x00007078                BusFault_Handler
 .text.UsageFault_Handler
                0x0000707e        0x6 irq_stub.o
                0x0000707e                UsageFault_Handler
 .text.DebugMon_Handler
                0x00007084        0x6 irq_stub.o
                0x00007084                DebugMon_Handler
 .text.MCM_IRQHandler
                0x0000708a        0x6 irq_stub.o
                0x0000708a                MCM_IRQHandler
 .text.FTFE_IRQHandler
                0x00007090        0x6 irq_stub.o
                0x00007090                FTFE_IRQHandler
 .text.Read_Collision_IRQHandler
                0x00007096        0x6 irq_stub.o
                0x00007096                Read_Collision_IRQHandler
 .text.LVD_LVW_IRQHandler
                0x0000709c        0x6 irq_stub.o
                0x0000709c                LVD_LVW_IRQHandler
 .text.LLWU_IRQHandler
                0x000070a2        0x6 irq_stub.o
                0x000070a2                LLWU_IRQHandler
 .text.WDOG_EWM_IRQHandler
                0x000070a8        0x6 irq_stub.o
                0x000070a8                WDOG_EWM_IRQHandler
 .text.RNG_IRQHandler
                0x000070ae        0x6 irq_stub.o
                0x000070ae                RNG_IRQHandler
 .text.I2C0_IRQHandler
                0x000070b4        0x6 irq_stub.o
                0x000070b4                I2C0_IRQHandler
 .text.I2C1_IRQHandler
                0x000070ba        0x6 irq_stub.o
                0x000070ba                I2C1_IRQHandler
 .text.SPI0_IRQHandler
                0x000070c0        0x6 irq_stub.o
                0x000070c0                SPI0_IRQHandler
 .text.SPI1_IRQHandler
                0x000070c6        0x6 irq_stub.o
                0x000070c6                SPI1_IRQHandler
 .text.I2S0_Tx_IRQHandler
                0x000070cc        0x6 irq_stub.o
                0x000070cc                I2S0_Tx_IRQHandler
 .text.I2S0_Rx_IRQHandler
                0x000070d2        0x6 irq_stub.o
                0x000070d2                I2S0_Rx_IRQHandler
 .text.UART0_LON_IRQHandler
                0x000070d8        0x6 irq_stub.o
                0x000070d8                UART0_LON_IRQHandler
 .text.UART0_ERR_IRQHandler
                0x000070de        0x6 irq_stub.o
                0x000070de                UART0_ERR_IRQHandler
 .text.UART1_ERR_IRQHandler
                0x000070e4        0x6 irq_stub.o
                0x000070e4                UART1_ERR_IRQHandler
 .text.UART2_ERR_IRQHandler
                0x000070ea        0x6 irq_stub.o
                0x000070ea                UART2_ERR_IRQHandler
 .text.UART3_ERR_IRQHandler
                0x000070f0        0x6 irq_stub.o
                0x000070f0                UART3_ERR_IRQHandler
 .text.ADC0_IRQHandler
                0x000070f6        0x6 irq_stub.o
                0x000070f6                ADC0_IRQHandler
 .text.CMP0_IRQHandler
                0x000070fc        0x6 irq_stub.o
                0x000070fc                CMP0_IRQHandler
 .text.CMP1_IRQHandler
                0x00007102        0x6 irq_stub.o
                0x00007102                CMP1_IRQHandler
 .text.FTM0_IRQHandler
                0x00007108        0x6 irq_stub.o
                0x00007108                FTM0_IRQHandler
 .text.FTM1_IRQHandler
                0x0000710e        0x6 irq_stub.o
                0x0000710e                FTM1_IRQHandler
 .text.FTM2_IRQHandler
                0x00007114        0x6 irq_stub.o
                0x00007114                FTM2_IRQHandler
 .text.CMT_IRQHandler
                0x0000711a        0x6 irq_stub.o
                0x0000711a                CMT_IRQHandler
 .text.RTC_IRQHandler
                0x00007120        0x6 irq_stub.o
                0x00007120                RTC_IRQHandler
 .text.RTC_Seconds_IRQHandler
                0x00007126        0x6 irq_stub.o
                0x00007126                RTC_Seconds_IRQHandler
 .text.PDB0_IRQHandler
                0x0000712c        0x6 irq_stub.o
                0x0000712c                PDB0_IRQHandler
 .text.USB0_IRQHandler
                0x00007132        0x6 irq_stub.o
                0x00007132                USB0_IRQHandler
 .text.USBDCD_IRQHandler
                0x00007138        0x6 irq_stub.o
                0x00007138                USBDCD_IRQHandler
 .text.Reserved71_IRQHandler
                0x0000713e        0x6 irq_stub.o
                0x0000713e                Reserved71_IRQHandler
 .text.DAC0_IRQHandler
                0x00007144        0x6 irq_stub.o
                0x00007144                DAC0_IRQHandler
 .text.MCG_IRQHandler
                0x0000714a        0x6 irq_stub.o
                0x0000714a                MCG_IRQHandler
 .text.LPTMR0_IRQHandler
                0x00007150        0x6 irq_stub.o
                0x00007150                LPTMR0_IRQHandler
 .text.PORTA_IRQHandler
                0x00007156        0x6 irq_stub.o
                0x00007156                PORTA_IRQHandler
 .text.PORTB_IRQHandler
                0x0000715c        0x6 irq_stub.o
                0x0000715c                PORTB_IRQHandler
 .text.PORTC_IRQHandler
                0x00007162        0x6 irq_stub.o
                0x00007162                PORTC_IRQHandler
 .text.PORTD_IRQHandler
                0x00007168        0x6 irq_stub.o
                0x00007168                PORTD_IRQHandler
 .text.PORTE_IRQHandler
                0x0000716e        0x6 irq_stub.o
                0x0000716e                PORTE_IRQHandler
 .text.SWI_IRQHandler
                0x00007174        0x6 irq_stub.o
                0x00007174                SWI_IRQHandler
 .text.SPI2_IRQHandler
                0x0000717a        0x6 irq_stub.o
                0x0000717a                SPI2_IRQHandler
 .text.UART4_ERR_IRQHandler
                0x00007180        0x6 irq_stub.o
                0x00007180                UART4_ERR_IRQHandler
 .text.UART5_ERR_IRQHandler
                0x00007186        0x6 irq_stub.o
                0x00007186                UART5_ERR_IRQHandler
 .text.CMP2_IRQHandler
                0x0000718c        0x6 irq_stub.o
                0x0000718c                CMP2_IRQHandler
 .text.FTM3_IRQHandler
                0x00007192        0x6 irq_stub.o
                0x00007192                FTM3_IRQHandler
 .text.DAC1_IRQHandler
                0x00007198        0x6 irq_stub.o
                0x00007198                DAC1_IRQHandler
 .text.ADC1_IRQHandler
                0x0000719e        0x6 irq_stub.o
                0x0000719e                ADC1_IRQHandler
 .text.I2C2_IRQHandler
                0x000071a4        0x6 irq_stub.o
                0x000071a4                I2C2_IRQHandler
 .text.CAN0_ORed_Message_buffer_IRQHandler
                0x000071aa        0x6 irq_stub.o
                0x000071aa                CAN0_ORed_Message_buffer_IRQHandler
 .text.CAN0_Bus_Off_IRQHandler
                0x000071b0        0x6 irq_stub.o
                0x000071b0                CAN0_Bus_Off_IRQHandler
 .text.CAN0_Error_IRQHandler
                0x000071b6        0x6 irq_stub.o
                0x000071b6                CAN0_Error_IRQHandler
 .text.CAN0_Tx_Warning_IRQHandler
                0x000071bc        0x6 irq_stub.o
                0x000071bc                CAN0_Tx_Warning_IRQHandler
 .text.CAN0_Rx_Warning_IRQHandler
                0x000071c2        0x6 irq_stub.o
                0x000071c2                CAN0_Rx_Warning_IRQHandler
 .text.CAN0_Wake_Up_IRQHandler
                0x000071c8        0x6 irq_stub.o
                0x000071c8                CAN0_Wake_Up_IRQHandler
 *fill*         0x000071ce        0x2 
 .text._sbrk    0x000071d0       0x5c sbrk.o
                0x000071d0                _sbrk
 .text.schedulerTask
                0x0000722c       0x1c cmsis_rtos_init.o
                0x0000722c                schedulerTask
 .text.mw_initSignalEvents
                0x00007248       0x78 cmsis_rtos_init.o
                0x00007248                mw_initSignalEvents
 .text.mw_RTOSInit
                0x000072c0      0x108 cmsis_rtos_init.o
                0x000072c0                mw_RTOSInit
 .text.os_idle_demon
                0x000073c8        0x8 RTX_Conf_CM.o
                0x000073c8                os_idle_demon
 .text.os_error
                0x000073d0       0x2c RTX_Conf_CM.o
                0x000073d0                os_error
 .text.rt_init_robin
                0x000073fc        0x4 RTX_Conf_CM.o
                0x000073fc                rt_init_robin
 .text.rt_chk_robin
                0x00007400        0x4 RTX_Conf_CM.o
                0x00007400                rt_chk_robin
 .text.software_init_hook
                0x00007404       0x34 RTX_Conf_CM.o
                0x00007404                software_init_hook
 .text.mw_osThreadCreate
                0x00007438       0x52 mw_thread.o
                0x00007438                mw_osThreadCreate
 .text.mw_osThreadGetId
                0x0000748a        0xe mw_thread.o
                0x0000748a                mw_osThreadGetId
 .text.mw_osThreadExit
                0x00007498       0x22 mw_thread.o
                0x00007498                mw_osThreadExit
 .text.mw_osThreadJoin
                0x000074ba       0x1a mw_thread.o
                0x000074ba                mw_osThreadJoin
 .text.mw_osTimerCreate
                0x000074d4       0x4e mw_timer.o
                0x000074d4                mw_osTimerCreate
 .text.mw_osTimerStart
                0x00007522       0x24 mw_timer.o
                0x00007522                mw_osTimerStart
 .text.mw_osSignalSet
                0x00007546       0x2e mw_signal.o
                0x00007546                mw_osSignalSet
 .text.mw_osSignalClear
                0x00007574       0x26 mw_signal.o
                0x00007574                mw_osSignalClear
 .text.mw_osSignalWaitEver
                0x0000759a       0x20 mw_signal.o
                0x0000759a                mw_osSignalWaitEver
 .text.mw_osSignalEventCreate
                0x000075ba       0x20 mw_signal.o
                0x000075ba                mw_osSignalEventCreate
 .text.mw_osSignalEventRelease
                0x000075da       0x26 mw_signal.o
                0x000075da                mw_osSignalEventRelease
 .text.mw_osSignalEventWaitEver
                0x00007600       0x34 mw_signal.o
                0x00007600                mw_osSignalEventWaitEver
 .text.mw_osSignalEventDelete
                0x00007634       0x14 mw_signal.o
                0x00007634                mw_osSignalEventDelete
 .text.rt_InitInfAndNaN
                0x00007648       0x88 C:/personal/School/MCMAST~1/TRONII~2/SOFTWA~1/PACEMA~1/slprj/ert/_sharedutils/rtwshared.lib(rt_nonfinite.o)
                0x00007648                rt_InitInfAndNaN
 .text.rt_roundd_snf
                0x000076d0       0xf4 C:/personal/School/MCMAST~1/TRONII~2/SOFTWA~1/PACEMA~1/slprj/ert/_sharedutils/rtwshared.lib(rt_roundd_snf.o)
                0x000076d0                rt_roundd_snf
 .text.rtGetInf
                0x000077c4       0x60 C:/personal/School/MCMAST~1/TRONII~2/SOFTWA~1/PACEMA~1/slprj/ert/_sharedutils/rtwshared.lib(rtGetInf.o)
                0x000077c4                rtGetInf
 .text.rtGetInfF
                0x00007824       0x20 C:/personal/School/MCMAST~1/TRONII~2/SOFTWA~1/PACEMA~1/slprj/ert/_sharedutils/rtwshared.lib(rtGetInf.o)
                0x00007824                rtGetInfF
 .text.rtGetMinusInf
                0x00007844       0x60 C:/personal/School/MCMAST~1/TRONII~2/SOFTWA~1/PACEMA~1/slprj/ert/_sharedutils/rtwshared.lib(rtGetInf.o)
                0x00007844                rtGetMinusInf
 .text.rtGetMinusInfF
                0x000078a4       0x24 C:/personal/School/MCMAST~1/TRONII~2/SOFTWA~1/PACEMA~1/slprj/ert/_sharedutils/rtwshared.lib(rtGetInf.o)
                0x000078a4                rtGetMinusInfF
 .text.rtGetNaN
                0x000078c8       0x60 C:/personal/School/MCMAST~1/TRONII~2/SOFTWA~1/PACEMA~1/slprj/ert/_sharedutils/rtwshared.lib(rtGetNaN.o)
                0x000078c8                rtGetNaN
 .text.rtGetNaNF
                0x00007928       0x28 C:/personal/School/MCMAST~1/TRONII~2/SOFTWA~1/PACEMA~1/slprj/ert/_sharedutils/rtwshared.lib(rtGetNaN.o)
                0x00007928                rtGetNaNF
 .text.osThreadExit
                0x00007950       0x18 C:/ProgramData/MATLAB/SupportPackages/R2022a/3P.instrset/cmsis.instrset/CMSIS/RTOS/RTX/LIB/GCC/libRTX_CM4.a(rt_cmsis.o)
                0x00007950                osThreadExit
 .text.svcKernelInitialize
                0x00007968      0x104 C:/ProgramData/MATLAB/SupportPackages/R2022a/3P.instrset/cmsis.instrset/CMSIS/RTOS/RTX/LIB/GCC/libRTX_CM4.a(rt_cmsis.o)
                0x00007968                svcKernelInitialize
 .text.svcKernelStart
                0x00007a6c       0x48 C:/ProgramData/MATLAB/SupportPackages/R2022a/3P.instrset/cmsis.instrset/CMSIS/RTOS/RTX/LIB/GCC/libRTX_CM4.a(rt_cmsis.o)
                0x00007a6c                svcKernelStart
 .text.osKernelInitialize
                0x00007ab4       0x28 C:/ProgramData/MATLAB/SupportPackages/R2022a/3P.instrset/cmsis.instrset/CMSIS/RTOS/RTX/LIB/GCC/libRTX_CM4.a(rt_cmsis.o)
                0x00007ab4                osKernelInitialize
 .text.osKernelStart
                0x00007adc       0x74 C:/ProgramData/MATLAB/SupportPackages/R2022a/3P.instrset/cmsis.instrset/CMSIS/RTOS/RTX/LIB/GCC/libRTX_CM4.a(rt_cmsis.o)
                0x00007adc                osKernelStart
 .text.svcThreadCreate
                0x00007b50       0x7c C:/ProgramData/MATLAB/SupportPackages/R2022a/3P.instrset/cmsis.instrset/CMSIS/RTOS/RTX/LIB/GCC/libRTX_CM4.a(rt_cmsis.o)
                0x00007b50                svcThreadCreate
 .text.svcThreadGetId
                0x00007bcc       0x18 C:/ProgramData/MATLAB/SupportPackages/R2022a/3P.instrset/cmsis.instrset/CMSIS/RTOS/RTX/LIB/GCC/libRTX_CM4.a(rt_cmsis.o)
                0x00007bcc                svcThreadGetId
 .text.svcThreadTerminate
                0x00007be4       0x48 C:/ProgramData/MATLAB/SupportPackages/R2022a/3P.instrset/cmsis.instrset/CMSIS/RTOS/RTX/LIB/GCC/libRTX_CM4.a(rt_cmsis.o)
                0x00007be4                svcThreadTerminate
 .text.osThreadCreate
                0x00007c2c       0xa4 C:/ProgramData/MATLAB/SupportPackages/R2022a/3P.instrset/cmsis.instrset/CMSIS/RTOS/RTX/LIB/GCC/libRTX_CM4.a(rt_cmsis.o)
                0x00007c2c                osThreadCreate
 .text.osThreadGetId
                0x00007cd0       0x18 C:/ProgramData/MATLAB/SupportPackages/R2022a/3P.instrset/cmsis.instrset/CMSIS/RTOS/RTX/LIB/GCC/libRTX_CM4.a(rt_cmsis.o)
                0x00007cd0                osThreadGetId
 .text.osThreadTerminate
                0x00007ce8       0x18 C:/ProgramData/MATLAB/SupportPackages/R2022a/3P.instrset/cmsis.instrset/CMSIS/RTOS/RTX/LIB/GCC/libRTX_CM4.a(rt_cmsis.o)
                0x00007ce8                osThreadTerminate
 .text.svcTimerCreate
                0x00007d00       0x40 C:/ProgramData/MATLAB/SupportPackages/R2022a/3P.instrset/cmsis.instrset/CMSIS/RTOS/RTX/LIB/GCC/libRTX_CM4.a(rt_cmsis.o)
                0x00007d00                svcTimerCreate
 .text.svcTimerStart
                0x00007d40       0xdc C:/ProgramData/MATLAB/SupportPackages/R2022a/3P.instrset/cmsis.instrset/CMSIS/RTOS/RTX/LIB/GCC/libRTX_CM4.a(rt_cmsis.o)
                0x00007d40                svcTimerStart
 .text.svcTimerCall
                0x00007e1c       0x18 C:/ProgramData/MATLAB/SupportPackages/R2022a/3P.instrset/cmsis.instrset/CMSIS/RTOS/RTX/LIB/GCC/libRTX_CM4.a(rt_cmsis.o)
                0x00007e1c                svcTimerCall
 .text.sysTimerTick
                0x00007e34       0xc8 C:/ProgramData/MATLAB/SupportPackages/R2022a/3P.instrset/cmsis.instrset/CMSIS/RTOS/RTX/LIB/GCC/libRTX_CM4.a(rt_cmsis.o)
                0x00007e34                sysTimerTick
 .text.osTimerCreate
                0x00007efc       0x68 C:/ProgramData/MATLAB/SupportPackages/R2022a/3P.instrset/cmsis.instrset/CMSIS/RTOS/RTX/LIB/GCC/libRTX_CM4.a(rt_cmsis.o)
                0x00007efc                osTimerCreate
 .text.osTimerStart
                0x00007f64       0x18 C:/ProgramData/MATLAB/SupportPackages/R2022a/3P.instrset/cmsis.instrset/CMSIS/RTOS/RTX/LIB/GCC/libRTX_CM4.a(rt_cmsis.o)
                0x00007f64                osTimerStart
 .text.osTimerThread
                0x00007f7c       0x3c C:/ProgramData/MATLAB/SupportPackages/R2022a/3P.instrset/cmsis.instrset/CMSIS/RTOS/RTX/LIB/GCC/libRTX_CM4.a(rt_cmsis.o)
                0x00007f7c                osTimerThread
 .text.svcSignalSet
                0x00007fb8       0x2c C:/ProgramData/MATLAB/SupportPackages/R2022a/3P.instrset/cmsis.instrset/CMSIS/RTOS/RTX/LIB/GCC/libRTX_CM4.a(rt_cmsis.o)
                0x00007fb8                svcSignalSet
 .text.svcSignalClear
                0x00007fe4       0x2c C:/ProgramData/MATLAB/SupportPackages/R2022a/3P.instrset/cmsis.instrset/CMSIS/RTOS/RTX/LIB/GCC/libRTX_CM4.a(rt_cmsis.o)
                0x00007fe4                svcSignalClear
 .text.svcSignalWait
                0x00008010      0x100 C:/ProgramData/MATLAB/SupportPackages/R2022a/3P.instrset/cmsis.instrset/CMSIS/RTOS/RTX/LIB/GCC/libRTX_CM4.a(rt_cmsis.o)
                0x00008010                svcSignalWait
 .text.osSignalSet
                0x00008110       0x40 C:/ProgramData/MATLAB/SupportPackages/R2022a/3P.instrset/cmsis.instrset/CMSIS/RTOS/RTX/LIB/GCC/libRTX_CM4.a(rt_cmsis.o)
                0x00008110                osSignalSet
 .text.osSignalClear
                0x00008150       0x1c C:/ProgramData/MATLAB/SupportPackages/R2022a/3P.instrset/cmsis.instrset/CMSIS/RTOS/RTX/LIB/GCC/libRTX_CM4.a(rt_cmsis.o)
                0x00008150                osSignalClear
 .text.osSignalWait
                0x0000816c       0x2c C:/ProgramData/MATLAB/SupportPackages/R2022a/3P.instrset/cmsis.instrset/CMSIS/RTOS/RTX/LIB/GCC/libRTX_CM4.a(rt_cmsis.o)
                0x0000816c                osSignalWait
 .text.svcMessageGet
                0x00008198       0xbc C:/ProgramData/MATLAB/SupportPackages/R2022a/3P.instrset/cmsis.instrset/CMSIS/RTOS/RTX/LIB/GCC/libRTX_CM4.a(rt_cmsis.o)
                0x00008198                svcMessageGet
 .text.rt_init_stack
                0x00008254       0xa8 C:/ProgramData/MATLAB/SupportPackages/R2022a/3P.instrset/cmsis.instrset/CMSIS/RTOS/RTX/LIB/GCC/libRTX_CM4.a(hal_cm.o)
                0x00008254                rt_init_stack
 .text.rt_ret_val
                0x000082fc       0x14 C:/ProgramData/MATLAB/SupportPackages/R2022a/3P.instrset/cmsis.instrset/CMSIS/RTOS/RTX/LIB/GCC/libRTX_CM4.a(hal_cm.o)
                0x000082fc                rt_ret_val
 .text.rt_ret_val2
                0x00008310       0x24 C:/ProgramData/MATLAB/SupportPackages/R2022a/3P.instrset/cmsis.instrset/CMSIS/RTOS/RTX/LIB/GCC/libRTX_CM4.a(hal_cm.o)
                0x00008310                rt_ret_val2
 .text.dbg_init
                0x00008334       0x34 C:/ProgramData/MATLAB/SupportPackages/R2022a/3P.instrset/cmsis.instrset/CMSIS/RTOS/RTX/LIB/GCC/libRTX_CM4.a(hal_cm.o)
                0x00008334                dbg_init
 .text.dbg_task_notify
                0x00008368       0x2c C:/ProgramData/MATLAB/SupportPackages/R2022a/3P.instrset/cmsis.instrset/CMSIS/RTOS/RTX/LIB/GCC/libRTX_CM4.a(hal_cm.o)
                0x00008368                dbg_task_notify
 .text.dbg_task_switch
                0x00008394       0x14 C:/ProgramData/MATLAB/SupportPackages/R2022a/3P.instrset/cmsis.instrset/CMSIS/RTOS/RTX/LIB/GCC/libRTX_CM4.a(hal_cm.o)
                0x00008394                dbg_task_switch
 .text.rt_init_mem
                0x000083a8       0x1c C:/ProgramData/MATLAB/SupportPackages/R2022a/3P.instrset/cmsis.instrset/CMSIS/RTOS/RTX/LIB/GCC/libRTX_CM4.a(rt_memory.o)
                0x000083a8                rt_init_mem
 .text.rt_alloc_mem
                0x000083c4       0x48 C:/ProgramData/MATLAB/SupportPackages/R2022a/3P.instrset/cmsis.instrset/CMSIS/RTOS/RTX/LIB/GCC/libRTX_CM4.a(rt_memory.o)
                0x000083c4                rt_alloc_mem
 .text.rt_free_mem
                0x0000840c       0x54 C:/ProgramData/MATLAB/SupportPackages/R2022a/3P.instrset/cmsis.instrset/CMSIS/RTOS/RTX/LIB/GCC/libRTX_CM4.a(rt_memory.o)
                0x0000840c                rt_free_mem
 .text._init_box
                0x00008460       0x58 C:/ProgramData/MATLAB/SupportPackages/R2022a/3P.instrset/cmsis.instrset/CMSIS/RTOS/RTX/LIB/GCC/libRTX_CM4.a(rt_membox.o)
                0x00008460                _init_box
 .text.rt_alloc_box
                0x000084b8       0x1c C:/ProgramData/MATLAB/SupportPackages/R2022a/3P.instrset/cmsis.instrset/CMSIS/RTOS/RTX/LIB/GCC/libRTX_CM4.a(rt_membox.o)
                0x000084b8                rt_alloc_box
 .text.rt_free_box
                0x000084d4       0x28 C:/ProgramData/MATLAB/SupportPackages/R2022a/3P.instrset/cmsis.instrset/CMSIS/RTOS/RTX/LIB/GCC/libRTX_CM4.a(rt_membox.o)
                0x000084d4                rt_free_box
 .text.rt_sem_psh
                0x000084fc       0x34 C:/ProgramData/MATLAB/SupportPackages/R2022a/3P.instrset/cmsis.instrset/CMSIS/RTOS/RTX/LIB/GCC/libRTX_CM4.a(rt_semaphore.o)
                0x000084fc                rt_sem_psh
 .text.rt_mbx_init
                0x00008530       0x18 C:/ProgramData/MATLAB/SupportPackages/R2022a/3P.instrset/cmsis.instrset/CMSIS/RTOS/RTX/LIB/GCC/libRTX_CM4.a(rt_mailbox.o)
                0x00008530                rt_mbx_init
 .text.rt_mbx_wait
                0x00008548       0xa8 C:/ProgramData/MATLAB/SupportPackages/R2022a/3P.instrset/cmsis.instrset/CMSIS/RTOS/RTX/LIB/GCC/libRTX_CM4.a(rt_mailbox.o)
                0x00008548                rt_mbx_wait
 .text.rt_mbx_check
                0x000085f0        0x8 C:/ProgramData/MATLAB/SupportPackages/R2022a/3P.instrset/cmsis.instrset/CMSIS/RTOS/RTX/LIB/GCC/libRTX_CM4.a(rt_mailbox.o)
                0x000085f0                rt_mbx_check
 .text.isr_mbx_send
                0x000085f8       0x10 C:/ProgramData/MATLAB/SupportPackages/R2022a/3P.instrset/cmsis.instrset/CMSIS/RTOS/RTX/LIB/GCC/libRTX_CM4.a(rt_mailbox.o)
                0x000085f8                isr_mbx_send
 .text.rt_mbx_psh
                0x00008608       0xe8 C:/ProgramData/MATLAB/SupportPackages/R2022a/3P.instrset/cmsis.instrset/CMSIS/RTOS/RTX/LIB/GCC/libRTX_CM4.a(rt_mailbox.o)
                0x00008608                rt_mbx_psh
 .text.rt_put_prio
                0x000086f0       0x50 C:/ProgramData/MATLAB/SupportPackages/R2022a/3P.instrset/cmsis.instrset/CMSIS/RTOS/RTX/LIB/GCC/libRTX_CM4.a(rt_list.o)
                0x000086f0                rt_put_prio
 .text.rt_get_first
                0x00008740       0x28 C:/ProgramData/MATLAB/SupportPackages/R2022a/3P.instrset/cmsis.instrset/CMSIS/RTOS/RTX/LIB/GCC/libRTX_CM4.a(rt_list.o)
                0x00008740                rt_get_first
 .text.rt_put_rdy_first
                0x00008768       0x14 C:/ProgramData/MATLAB/SupportPackages/R2022a/3P.instrset/cmsis.instrset/CMSIS/RTOS/RTX/LIB/GCC/libRTX_CM4.a(rt_list.o)
                0x00008768                rt_put_rdy_first
 .text.rt_resort_prio
                0x0000877c       0xac C:/ProgramData/MATLAB/SupportPackages/R2022a/3P.instrset/cmsis.instrset/CMSIS/RTOS/RTX/LIB/GCC/libRTX_CM4.a(rt_list.o)
                0x0000877c                rt_resort_prio
 .text.rt_put_dly
                0x00008828       0x60 C:/ProgramData/MATLAB/SupportPackages/R2022a/3P.instrset/cmsis.instrset/CMSIS/RTOS/RTX/LIB/GCC/libRTX_CM4.a(rt_list.o)
                0x00008828                rt_put_dly
 .text.rt_dec_dly
                0x00008888       0xbc C:/ProgramData/MATLAB/SupportPackages/R2022a/3P.instrset/cmsis.instrset/CMSIS/RTOS/RTX/LIB/GCC/libRTX_CM4.a(rt_list.o)
                0x00008888                rt_dec_dly
 .text.rt_rmv_list
                0x00008944       0x2c C:/ProgramData/MATLAB/SupportPackages/R2022a/3P.instrset/cmsis.instrset/CMSIS/RTOS/RTX/LIB/GCC/libRTX_CM4.a(rt_list.o)
                0x00008944                rt_rmv_list
 .text.rt_rmv_dly
                0x00008970       0x30 C:/ProgramData/MATLAB/SupportPackages/R2022a/3P.instrset/cmsis.instrset/CMSIS/RTOS/RTX/LIB/GCC/libRTX_CM4.a(rt_list.o)
                0x00008970                rt_rmv_dly
 .text.rt_psq_enq
                0x000089a0       0x44 C:/ProgramData/MATLAB/SupportPackages/R2022a/3P.instrset/cmsis.instrset/CMSIS/RTOS/RTX/LIB/GCC/libRTX_CM4.a(rt_list.o)
                0x000089a0                rt_psq_enq
 .text.rt_evt_wait
                0x000089e4       0x44 C:/ProgramData/MATLAB/SupportPackages/R2022a/3P.instrset/cmsis.instrset/CMSIS/RTOS/RTX/LIB/GCC/libRTX_CM4.a(rt_event.o)
                0x000089e4                rt_evt_wait
 .text.rt_evt_set
                0x00008a28       0x58 C:/ProgramData/MATLAB/SupportPackages/R2022a/3P.instrset/cmsis.instrset/CMSIS/RTOS/RTX/LIB/GCC/libRTX_CM4.a(rt_event.o)
                0x00008a28                rt_evt_set
 .text.rt_evt_clr
                0x00008a80       0x18 C:/ProgramData/MATLAB/SupportPackages/R2022a/3P.instrset/cmsis.instrset/CMSIS/RTOS/RTX/LIB/GCC/libRTX_CM4.a(rt_event.o)
                0x00008a80                rt_evt_clr
 .text.isr_evt_set
                0x00008a98       0x24 C:/ProgramData/MATLAB/SupportPackages/R2022a/3P.instrset/cmsis.instrset/CMSIS/RTOS/RTX/LIB/GCC/libRTX_CM4.a(rt_event.o)
                0x00008a98                isr_evt_set
 .text.rt_evt_psh
                0x00008abc       0x50 C:/ProgramData/MATLAB/SupportPackages/R2022a/3P.instrset/cmsis.instrset/CMSIS/RTOS/RTX/LIB/GCC/libRTX_CM4.a(rt_event.o)
                0x00008abc                rt_evt_psh
 .text.rt_psh_req
                0x00008b0c       0x20 C:/ProgramData/MATLAB/SupportPackages/R2022a/3P.instrset/cmsis.instrset/CMSIS/RTOS/RTX/LIB/GCC/libRTX_CM4.a(rt_system.o)
                0x00008b0c                rt_psh_req
 .text.rt_pop_req
                0x00008b2c       0x9c C:/ProgramData/MATLAB/SupportPackages/R2022a/3P.instrset/cmsis.instrset/CMSIS/RTOS/RTX/LIB/GCC/libRTX_CM4.a(rt_system.o)
                0x00008b2c                rt_pop_req
 .text.os_tick_init
                0x00008bc8       0x40 C:/ProgramData/MATLAB/SupportPackages/R2022a/3P.instrset/cmsis.instrset/CMSIS/RTOS/RTX/LIB/GCC/libRTX_CM4.a(rt_system.o)
                0x00008bc8                os_tick_init
 .text.os_tick_irqack
                0x00008c08        0x4 C:/ProgramData/MATLAB/SupportPackages/R2022a/3P.instrset/cmsis.instrset/CMSIS/RTOS/RTX/LIB/GCC/libRTX_CM4.a(rt_system.o)
                0x00008c08                os_tick_irqack
 .text.rt_systick
                0x00008c0c       0x3c C:/ProgramData/MATLAB/SupportPackages/R2022a/3P.instrset/cmsis.instrset/CMSIS/RTOS/RTX/LIB/GCC/libRTX_CM4.a(rt_system.o)
                0x00008c0c                rt_systick
 .text.rt_stk_check
                0x00008c48       0x24 C:/ProgramData/MATLAB/SupportPackages/R2022a/3P.instrset/cmsis.instrset/CMSIS/RTOS/RTX/LIB/GCC/libRTX_CM4.a(rt_system.o)
                0x00008c48                rt_stk_check
 .text.rt_switch_req
                0x00008c6c       0x24 C:/ProgramData/MATLAB/SupportPackages/R2022a/3P.instrset/cmsis.instrset/CMSIS/RTOS/RTX/LIB/GCC/libRTX_CM4.a(rt_task.o)
                0x00008c6c                rt_switch_req
 .text.rt_dispatch
                0x00008c90       0x78 C:/ProgramData/MATLAB/SupportPackages/R2022a/3P.instrset/cmsis.instrset/CMSIS/RTOS/RTX/LIB/GCC/libRTX_CM4.a(rt_task.o)
                0x00008c90                rt_dispatch
 .text.rt_block
                0x00008d08       0x50 C:/ProgramData/MATLAB/SupportPackages/R2022a/3P.instrset/cmsis.instrset/CMSIS/RTOS/RTX/LIB/GCC/libRTX_CM4.a(rt_task.o)
                0x00008d08                rt_block
 .text.rt_tsk_self
                0x00008d58       0x10 C:/ProgramData/MATLAB/SupportPackages/R2022a/3P.instrset/cmsis.instrset/CMSIS/RTOS/RTX/LIB/GCC/libRTX_CM4.a(rt_task.o)
                0x00008d58                rt_tsk_self
 .text.rt_tsk_prio
                0x00008d68       0xa0 C:/ProgramData/MATLAB/SupportPackages/R2022a/3P.instrset/cmsis.instrset/CMSIS/RTOS/RTX/LIB/GCC/libRTX_CM4.a(rt_task.o)
                0x00008d68                rt_tsk_prio
 .text.rt_tsk_create
                0x00008e08       0xc8 C:/ProgramData/MATLAB/SupportPackages/R2022a/3P.instrset/cmsis.instrset/CMSIS/RTOS/RTX/LIB/GCC/libRTX_CM4.a(rt_task.o)
                0x00008e08                rt_tsk_create
 .text.rt_tsk_delete
                0x00008ed0      0x1bc C:/ProgramData/MATLAB/SupportPackages/R2022a/3P.instrset/cmsis.instrset/CMSIS/RTOS/RTX/LIB/GCC/libRTX_CM4.a(rt_task.o)
                0x00008ed0                rt_tsk_delete
 .text.rt_sys_init
                0x0000908c       0xdc C:/ProgramData/MATLAB/SupportPackages/R2022a/3P.instrset/cmsis.instrset/CMSIS/RTOS/RTX/LIB/GCC/libRTX_CM4.a(rt_task.o)
                0x0000908c                rt_sys_init
 .text.rt_sys_start
                0x00009168       0x8c C:/ProgramData/MATLAB/SupportPackages/R2022a/3P.instrset/cmsis.instrset/CMSIS/RTOS/RTX/LIB/GCC/libRTX_CM4.a(rt_task.o)
                0x00009168                rt_sys_start
 .text.OSA_TimeInit
                0x000091f4       0x40 C:/ProgramData/MATLAB/SupportPackages/R2022a/toolbox/target/supportpackages/freedomk64f/src/ksdk_armgcc_lib/bm/libksdk_platform.a(fsl_os_abstraction_bm.o)
                0x000091f4                OSA_TimeInit
 .text.OSA_TimeDiff
                0x00009234        0xe C:/ProgramData/MATLAB/SupportPackages/R2022a/toolbox/target/supportpackages/freedomk64f/src/ksdk_armgcc_lib/bm/libksdk_platform.a(fsl_os_abstraction_bm.o)
                0x00009234                OSA_TimeDiff
 *fill*         0x00009242        0x2 
 .text.OSA_SemaCreate
                0x00009244       0x2c C:/ProgramData/MATLAB/SupportPackages/R2022a/toolbox/target/supportpackages/freedomk64f/src/ksdk_armgcc_lib/bm/libksdk_platform.a(fsl_os_abstraction_bm.o)
                0x00009244                OSA_SemaCreate
 .text.OSA_SemaPost
                0x00009270       0x3c C:/ProgramData/MATLAB/SupportPackages/R2022a/toolbox/target/supportpackages/freedomk64f/src/ksdk_armgcc_lib/bm/libksdk_platform.a(fsl_os_abstraction_bm.o)
                0x00009270                OSA_SemaPost
 .text.task_init
                0x000092ac       0x38 C:/ProgramData/MATLAB/SupportPackages/R2022a/toolbox/target/supportpackages/freedomk64f/src/ksdk_armgcc_lib/bm/libksdk_platform.a(fsl_os_abstraction_bm.o)
                0x000092ac                task_init
 .text.OSA_TimeGetMsec
                0x000092e4        0xc C:/ProgramData/MATLAB/SupportPackages/R2022a/toolbox/target/supportpackages/freedomk64f/src/ksdk_armgcc_lib/bm/libksdk_platform.a(fsl_os_abstraction_bm.o)
                0x000092e4                OSA_TimeGetMsec
 .text.OSA_TimeDelay
                0x000092f0       0x1c C:/ProgramData/MATLAB/SupportPackages/R2022a/toolbox/target/supportpackages/freedomk64f/src/ksdk_armgcc_lib/bm/libksdk_platform.a(fsl_os_abstraction_bm.o)
                0x000092f0                OSA_TimeDelay
 .text.OSA_Init
                0x0000930c        0xe C:/ProgramData/MATLAB/SupportPackages/R2022a/toolbox/target/supportpackages/freedomk64f/src/ksdk_armgcc_lib/bm/libksdk_platform.a(fsl_os_abstraction_bm.o)
                0x0000930c                OSA_Init
 *fill*         0x0000931a        0x2 
 .text.CLOCK_SYS_SetMcgPeeToFbe
                0x0000931c       0x34 C:/ProgramData/MATLAB/SupportPackages/R2022a/toolbox/target/supportpackages/freedomk64f/src/ksdk_armgcc_lib/bm/libksdk_platform.a(fsl_clock_manager.o)
 .text.CLOCK_SYS_SetMcgMode
                0x00009350      0x124 C:/ProgramData/MATLAB/SupportPackages/R2022a/toolbox/target/supportpackages/freedomk64f/src/ksdk_armgcc_lib/bm/libksdk_platform.a(fsl_clock_manager.o)
                0x00009350                CLOCK_SYS_SetMcgMode
 .text.CLOCK_SYS_SetOscerConfigration
                0x00009474       0x20 C:/ProgramData/MATLAB/SupportPackages/R2022a/toolbox/target/supportpackages/freedomk64f/src/ksdk_armgcc_lib/bm/libksdk_platform.a(fsl_clock_manager.o)
                0x00009474                CLOCK_SYS_SetOscerConfigration
 .text.CLOCK_SYS_OscInit
                0x00009494       0x98 C:/ProgramData/MATLAB/SupportPackages/R2022a/toolbox/target/supportpackages/freedomk64f/src/ksdk_armgcc_lib/bm/libksdk_platform.a(fsl_clock_manager.o)
                0x00009494                CLOCK_SYS_OscInit
 .text.CLOCK_SYS_RtcOscInit
                0x0000952c       0x6c C:/ProgramData/MATLAB/SupportPackages/R2022a/toolbox/target/supportpackages/freedomk64f/src/ksdk_armgcc_lib/bm/libksdk_platform.a(fsl_clock_manager.o)
                0x0000952c                CLOCK_SYS_RtcOscInit
 .text.SIM_HAL_EnableClock.constprop.0
                0x00009598       0x1c C:/ProgramData/MATLAB/SupportPackages/R2022a/toolbox/target/supportpackages/freedomk64f/src/ksdk_armgcc_lib/bm/libksdk_platform.a(fsl_clock_MK64F12.o)
 .text.CLOCK_SYS_GetCoreClockFreq
                0x000095b4       0x24 C:/ProgramData/MATLAB/SupportPackages/R2022a/toolbox/target/supportpackages/freedomk64f/src/ksdk_armgcc_lib/bm/libksdk_platform.a(fsl_clock_MK64F12.o)
                0x000095b4                CLOCK_SYS_GetCoreClockFreq
 .text.CLOCK_SYS_SetConfiguration
                0x000095d8       0x94 C:/ProgramData/MATLAB/SupportPackages/R2022a/toolbox/target/supportpackages/freedomk64f/src/ksdk_armgcc_lib/bm/libksdk_platform.a(fsl_clock_MK64F12.o)
                0x000095d8                CLOCK_SYS_SetConfiguration
 .text.CLOCK_SYS_FllStableDelay
                0x0000966c       0x18 C:/ProgramData/MATLAB/SupportPackages/R2022a/toolbox/target/supportpackages/freedomk64f/src/ksdk_armgcc_lib/bm/libksdk_platform.a(fsl_clock_MK64F12.o)
 .text.CLOCK_SYS_GetBusClockFreq
                0x00009684       0x24 C:/ProgramData/MATLAB/SupportPackages/R2022a/toolbox/target/supportpackages/freedomk64f/src/ksdk_armgcc_lib/bm/libksdk_platform.a(fsl_clock_MK64F12.o)
                0x00009684                CLOCK_SYS_GetBusClockFreq
 .text.CLOCK_SYS_GetUartFreq
                0x000096a8       0x16 C:/ProgramData/MATLAB/SupportPackages/R2022a/toolbox/target/supportpackages/freedomk64f/src/ksdk_armgcc_lib/bm/libksdk_platform.a(fsl_clock_MK64F12.o)
                0x000096a8                CLOCK_SYS_GetUartFreq
 *fill*         0x000096be        0x2 
 .text.CLOCK_SYS_GetFtmExternalFreq
                0x000096c0       0x20 C:/ProgramData/MATLAB/SupportPackages/R2022a/toolbox/target/supportpackages/freedomk64f/src/ksdk_armgcc_lib/bm/libksdk_platform.a(fsl_clock_MK64F12.o)
                0x000096c0                CLOCK_SYS_GetFtmExternalFreq
 .text.CLOCK_SYS_EnablePortClock
                0x000096e0       0x30 C:/ProgramData/MATLAB/SupportPackages/R2022a/toolbox/target/supportpackages/freedomk64f/src/ksdk_armgcc_lib/bm/libksdk_platform.a(fsl_clock_MK64F12.o)
                0x000096e0                CLOCK_SYS_EnablePortClock
 .text.CLOCK_SYS_EnableAdcClock
                0x00009710       0x30 C:/ProgramData/MATLAB/SupportPackages/R2022a/toolbox/target/supportpackages/freedomk64f/src/ksdk_armgcc_lib/bm/libksdk_platform.a(fsl_clock_MK64F12.o)
                0x00009710                CLOCK_SYS_EnableAdcClock
 .text.CLOCK_SYS_EnableFtmClock
                0x00009740       0x30 C:/ProgramData/MATLAB/SupportPackages/R2022a/toolbox/target/supportpackages/freedomk64f/src/ksdk_armgcc_lib/bm/libksdk_platform.a(fsl_clock_MK64F12.o)
                0x00009740                CLOCK_SYS_EnableFtmClock
 .text.CLOCK_SYS_EnableI2cClock
                0x00009770       0x30 C:/ProgramData/MATLAB/SupportPackages/R2022a/toolbox/target/supportpackages/freedomk64f/src/ksdk_armgcc_lib/bm/libksdk_platform.a(fsl_clock_MK64F12.o)
                0x00009770                CLOCK_SYS_EnableI2cClock
 .text.CLOCK_SYS_EnableUartClock
                0x000097a0       0x30 C:/ProgramData/MATLAB/SupportPackages/R2022a/toolbox/target/supportpackages/freedomk64f/src/ksdk_armgcc_lib/bm/libksdk_platform.a(fsl_clock_MK64F12.o)
                0x000097a0                CLOCK_SYS_EnableUartClock
 .text.INT_SYS_EnableIRQGlobal
                0x000097d0       0x14 C:/ProgramData/MATLAB/SupportPackages/R2022a/toolbox/target/supportpackages/freedomk64f/src/ksdk_armgcc_lib/bm/libksdk_platform.a(fsl_interrupt_manager.o)
                0x000097d0                INT_SYS_EnableIRQGlobal
 .text.INT_SYS_DisableIRQGlobal
                0x000097e4       0x10 C:/ProgramData/MATLAB/SupportPackages/R2022a/toolbox/target/supportpackages/freedomk64f/src/ksdk_armgcc_lib/bm/libksdk_platform.a(fsl_interrupt_manager.o)
                0x000097e4                INT_SYS_DisableIRQGlobal
 .text.ADC16_HAL_GetChnConvCompletedFlag.part.0
                0x000097f4       0x1c C:/ProgramData/MATLAB/SupportPackages/R2022a/toolbox/target/supportpackages/freedomk64f/src/ksdk_armgcc_lib/bm/libksdk_platform.a(fsl_adc16_driver.o)
 .text.ADC16_DRV_StructInitUserConfigDefault
                0x00009810       0x24 C:/ProgramData/MATLAB/SupportPackages/R2022a/toolbox/target/supportpackages/freedomk64f/src/ksdk_armgcc_lib/bm/libksdk_platform.a(fsl_adc16_driver.o)
                0x00009810                ADC16_DRV_StructInitUserConfigDefault
 .text.ADC16_DRV_Init
                0x00009834       0x90 C:/ProgramData/MATLAB/SupportPackages/R2022a/toolbox/target/supportpackages/freedomk64f/src/ksdk_armgcc_lib/bm/libksdk_platform.a(fsl_adc16_driver.o)
                0x00009834                ADC16_DRV_Init
 .text.ADC16_DRV_SetChnMux
                0x000098c4       0x40 C:/ProgramData/MATLAB/SupportPackages/R2022a/toolbox/target/supportpackages/freedomk64f/src/ksdk_armgcc_lib/bm/libksdk_platform.a(fsl_adc16_driver.o)
                0x000098c4                ADC16_DRV_SetChnMux
 .text.ADC16_DRV_ConfigConvChn
                0x00009904       0x38 C:/ProgramData/MATLAB/SupportPackages/R2022a/toolbox/target/supportpackages/freedomk64f/src/ksdk_armgcc_lib/bm/libksdk_platform.a(fsl_adc16_driver.o)
                0x00009904                ADC16_DRV_ConfigConvChn
 .text.ADC16_DRV_WaitConvDone
                0x0000993c       0x48 C:/ProgramData/MATLAB/SupportPackages/R2022a/toolbox/target/supportpackages/freedomk64f/src/ksdk_armgcc_lib/bm/libksdk_platform.a(fsl_adc16_driver.o)
                0x0000993c                ADC16_DRV_WaitConvDone
 .text.ADC16_DRV_GetConvValueRAW
                0x00009984       0x50 C:/ProgramData/MATLAB/SupportPackages/R2022a/toolbox/target/supportpackages/freedomk64f/src/ksdk_armgcc_lib/bm/libksdk_platform.a(fsl_adc16_driver.o)
                0x00009984                ADC16_DRV_GetConvValueRAW
 .text.EDMA_HAL_SetErrorIntCmd
                0x000099d4        0xa C:/ProgramData/MATLAB/SupportPackages/R2022a/toolbox/target/supportpackages/freedomk64f/src/ksdk_armgcc_lib/bm/libksdk_platform.a(fsl_edma_hal.o)
                0x000099d4                EDMA_HAL_SetErrorIntCmd
 .text.EDMA_HAL_SetDmaRequestCmd
                0x000099de        0xa C:/ProgramData/MATLAB/SupportPackages/R2022a/toolbox/target/supportpackages/freedomk64f/src/ksdk_armgcc_lib/bm/libksdk_platform.a(fsl_edma_hal.o)
                0x000099de                EDMA_HAL_SetDmaRequestCmd
 .text.EDMA_HAL_HTCDClearReg
                0x000099e8       0x4a C:/ProgramData/MATLAB/SupportPackages/R2022a/toolbox/target/supportpackages/freedomk64f/src/ksdk_armgcc_lib/bm/libksdk_platform.a(fsl_edma_hal.o)
                0x000099e8                EDMA_HAL_HTCDClearReg
 .text.EDMA_HAL_Init
                0x00009a32       0x28 C:/ProgramData/MATLAB/SupportPackages/R2022a/toolbox/target/supportpackages/freedomk64f/src/ksdk_armgcc_lib/bm/libksdk_platform.a(fsl_edma_hal.o)
                0x00009a32                EDMA_HAL_Init
 *fill*         0x00009a5a        0x2 
 .text.EDMA_HAL_HTCDSetAttribute
                0x00009a5c       0x48 C:/ProgramData/MATLAB/SupportPackages/R2022a/toolbox/target/supportpackages/freedomk64f/src/ksdk_armgcc_lib/bm/libksdk_platform.a(fsl_edma_hal.o)
                0x00009a5c                EDMA_HAL_HTCDSetAttribute
 .text.EDMA_HAL_HTCDSetNbytes
                0x00009aa4       0x7c C:/ProgramData/MATLAB/SupportPackages/R2022a/toolbox/target/supportpackages/freedomk64f/src/ksdk_armgcc_lib/bm/libksdk_platform.a(fsl_edma_hal.o)
                0x00009aa4                EDMA_HAL_HTCDSetNbytes
 .text.EDMA_HAL_HTCDGetNbytes
                0x00009b20       0x68 C:/ProgramData/MATLAB/SupportPackages/R2022a/toolbox/target/supportpackages/freedomk64f/src/ksdk_armgcc_lib/bm/libksdk_platform.a(fsl_edma_hal.o)
                0x00009b20                EDMA_HAL_HTCDGetNbytes
 .text.EDMA_HAL_HTCDSetChannelMinorLink
                0x00009b88       0x80 C:/ProgramData/MATLAB/SupportPackages/R2022a/toolbox/target/supportpackages/freedomk64f/src/ksdk_armgcc_lib/bm/libksdk_platform.a(fsl_edma_hal.o)
                0x00009b88                EDMA_HAL_HTCDSetChannelMinorLink
 .text.EDMA_HAL_HTCDSetMajorCount
                0x00009c08       0x78 C:/ProgramData/MATLAB/SupportPackages/R2022a/toolbox/target/supportpackages/freedomk64f/src/ksdk_armgcc_lib/bm/libksdk_platform.a(fsl_edma_hal.o)
                0x00009c08                EDMA_HAL_HTCDSetMajorCount
 .text.EDMA_HAL_HTCDGetUnfinishedBytes
                0x00009c80       0x54 C:/ProgramData/MATLAB/SupportPackages/R2022a/toolbox/target/supportpackages/freedomk64f/src/ksdk_armgcc_lib/bm/libksdk_platform.a(fsl_edma_hal.o)
                0x00009c80                EDMA_HAL_HTCDGetUnfinishedBytes
 .text.INT_SYS_EnableIRQ
                0x00009cd4       0x48 C:/ProgramData/MATLAB/SupportPackages/R2022a/toolbox/target/supportpackages/freedomk64f/src/ksdk_armgcc_lib/bm/libksdk_platform.a(fsl_edma_driver.o)
 .text.EDMA_DRV_ClaimChannel
                0x00009d1c       0x70 C:/ProgramData/MATLAB/SupportPackages/R2022a/toolbox/target/supportpackages/freedomk64f/src/ksdk_armgcc_lib/bm/libksdk_platform.a(fsl_edma_driver.o)
 .text.EDMA_DRV_Init
                0x00009d8c       0x84 C:/ProgramData/MATLAB/SupportPackages/R2022a/toolbox/target/supportpackages/freedomk64f/src/ksdk_armgcc_lib/bm/libksdk_platform.a(fsl_edma_driver.o)
                0x00009d8c                EDMA_DRV_Init
 .text.EDMA_DRV_InstallCallback
                0x00009e10        0x8 C:/ProgramData/MATLAB/SupportPackages/R2022a/toolbox/target/supportpackages/freedomk64f/src/ksdk_armgcc_lib/bm/libksdk_platform.a(fsl_edma_driver.o)
                0x00009e10                EDMA_DRV_InstallCallback
 .text.EDMA_DRV_RequestChannel
                0x00009e18       0x70 C:/ProgramData/MATLAB/SupportPackages/R2022a/toolbox/target/supportpackages/freedomk64f/src/ksdk_armgcc_lib/bm/libksdk_platform.a(fsl_edma_driver.o)
                0x00009e18                EDMA_DRV_RequestChannel
 .text.EDMA_DRV_IRQHandler
                0x00009e88       0x30 C:/ProgramData/MATLAB/SupportPackages/R2022a/toolbox/target/supportpackages/freedomk64f/src/ksdk_armgcc_lib/bm/libksdk_platform.a(fsl_edma_driver.o)
                0x00009e88                EDMA_DRV_IRQHandler
 .text.EDMA_DRV_ErrorIRQHandler
                0x00009eb8       0x8c C:/ProgramData/MATLAB/SupportPackages/R2022a/toolbox/target/supportpackages/freedomk64f/src/ksdk_armgcc_lib/bm/libksdk_platform.a(fsl_edma_driver.o)
                0x00009eb8                EDMA_DRV_ErrorIRQHandler
 .text.FTM_HAL_SetClockSource
                0x00009f44       0x12 C:/ProgramData/MATLAB/SupportPackages/R2022a/toolbox/target/supportpackages/freedomk64f/src/ksdk_armgcc_lib/bm/libksdk_platform.a(fsl_ftm_driver.o)
 *fill*         0x00009f56        0x2 
 .text.FTM_HAL_SetChnCountVal.part.0
                0x00009f58       0x1c C:/ProgramData/MATLAB/SupportPackages/R2022a/toolbox/target/supportpackages/freedomk64f/src/ksdk_armgcc_lib/bm/libksdk_platform.a(fsl_ftm_driver.o)
 .text.FTM_DRV_Init
                0x00009f74      0x10c C:/ProgramData/MATLAB/SupportPackages/R2022a/toolbox/target/supportpackages/freedomk64f/src/ksdk_armgcc_lib/bm/libksdk_platform.a(fsl_ftm_driver.o)
                0x00009f74                FTM_DRV_Init
 .text.FTM_DRV_SetClock
                0x0000a080       0x54 C:/ProgramData/MATLAB/SupportPackages/R2022a/toolbox/target/supportpackages/freedomk64f/src/ksdk_armgcc_lib/bm/libksdk_platform.a(fsl_ftm_driver.o)
                0x0000a080                FTM_DRV_SetClock
 .text.FTM_DRV_GetClock
                0x0000a0d4       0x68 C:/ProgramData/MATLAB/SupportPackages/R2022a/toolbox/target/supportpackages/freedomk64f/src/ksdk_armgcc_lib/bm/libksdk_platform.a(fsl_ftm_driver.o)
                0x0000a0d4                FTM_DRV_GetClock
 .text.FTM_DRV_PwmStart
                0x0000a13c      0x1cc C:/ProgramData/MATLAB/SupportPackages/R2022a/toolbox/target/supportpackages/freedomk64f/src/ksdk_armgcc_lib/bm/libksdk_platform.a(fsl_ftm_driver.o)
                0x0000a13c                FTM_DRV_PwmStart
 .text.PORT_HAL_SetMuxMode.part.0
                0x0000a308       0x1c C:/ProgramData/MATLAB/SupportPackages/R2022a/toolbox/target/supportpackages/freedomk64f/src/ksdk_armgcc_lib/bm/libksdk_platform.a(fsl_gpio_driver.o)
 .text.GPIO_DRV_InputPinInit
                0x0000a324       0xe4 C:/ProgramData/MATLAB/SupportPackages/R2022a/toolbox/target/supportpackages/freedomk64f/src/ksdk_armgcc_lib/bm/libksdk_platform.a(fsl_gpio_driver.o)
                0x0000a324                GPIO_DRV_InputPinInit
 .text.GPIO_DRV_OutputPinInit
                0x0000a408       0x78 C:/ProgramData/MATLAB/SupportPackages/R2022a/toolbox/target/supportpackages/freedomk64f/src/ksdk_armgcc_lib/bm/libksdk_platform.a(fsl_gpio_driver.o)
                0x0000a408                GPIO_DRV_OutputPinInit
 .text.GPIO_DRV_WritePinOutput
                0x0000a480       0x1c C:/ProgramData/MATLAB/SupportPackages/R2022a/toolbox/target/supportpackages/freedomk64f/src/ksdk_armgcc_lib/bm/libksdk_platform.a(fsl_gpio_driver.o)
                0x0000a480                GPIO_DRV_WritePinOutput
 .text.GPIO_DRV_ReadPinInput
                0x0000a49c       0x3c C:/ProgramData/MATLAB/SupportPackages/R2022a/toolbox/target/supportpackages/freedomk64f/src/ksdk_armgcc_lib/bm/libksdk_platform.a(fsl_gpio_driver.o)
                0x0000a49c                GPIO_DRV_ReadPinInput
 .text.I2C_HAL_Init
                0x0000a4d8       0x1c C:/ProgramData/MATLAB/SupportPackages/R2022a/toolbox/target/supportpackages/freedomk64f/src/ksdk_armgcc_lib/bm/libksdk_platform.a(fsl_i2c_hal.o)
                0x0000a4d8                I2C_HAL_Init
 .text.I2C_HAL_SetBaudRate
                0x0000a4f4       0x70 C:/ProgramData/MATLAB/SupportPackages/R2022a/toolbox/target/supportpackages/freedomk64f/src/ksdk_armgcc_lib/bm/libksdk_platform.a(fsl_i2c_hal.o)
                0x0000a4f4                I2C_HAL_SetBaudRate
 .text.I2C_HAL_SendStart
                0x0000a564       0x20 C:/ProgramData/MATLAB/SupportPackages/R2022a/toolbox/target/supportpackages/freedomk64f/src/ksdk_armgcc_lib/bm/libksdk_platform.a(fsl_i2c_hal.o)
                0x0000a564                I2C_HAL_SendStart
 .text.I2C_HAL_SendStop
                0x0000a584       0x50 C:/ProgramData/MATLAB/SupportPackages/R2022a/toolbox/target/supportpackages/freedomk64f/src/ksdk_armgcc_lib/bm/libksdk_platform.a(fsl_i2c_hal.o)
                0x0000a584                I2C_HAL_SendStop
 .text.LPTMR_HAL_SetTimerWorkingMode
                0x0000a5d4       0x3c C:/ProgramData/MATLAB/SupportPackages/R2022a/toolbox/target/supportpackages/freedomk64f/src/ksdk_armgcc_lib/bm/libksdk_platform.a(fsl_lptmr_hal.o)
                0x0000a5d4                LPTMR_HAL_SetTimerWorkingMode
 .text.LPTMR_HAL_SetPrescalerMode
                0x0000a610       0x1c C:/ProgramData/MATLAB/SupportPackages/R2022a/toolbox/target/supportpackages/freedomk64f/src/ksdk_armgcc_lib/bm/libksdk_platform.a(fsl_lptmr_hal.o)
                0x0000a610                LPTMR_HAL_SetPrescalerMode
 .text.LPTMR_HAL_GetCounterValue
                0x0000a62c        0xe C:/ProgramData/MATLAB/SupportPackages/R2022a/toolbox/target/supportpackages/freedomk64f/src/ksdk_armgcc_lib/bm/libksdk_platform.a(fsl_lptmr_hal.o)
                0x0000a62c                LPTMR_HAL_GetCounterValue
 *fill*         0x0000a63a        0x2 
 .text.CLOCK_HAL_TestOscFreq
                0x0000a63c       0x28 C:/ProgramData/MATLAB/SupportPackages/R2022a/toolbox/target/supportpackages/freedomk64f/src/ksdk_armgcc_lib/bm/libksdk_platform.a(fsl_mcg_hal.o)
                0x0000a63c                CLOCK_HAL_TestOscFreq
 .text.CLOCK_HAL_GetMcgExternalClkFreq
                0x0000a664        0xa C:/ProgramData/MATLAB/SupportPackages/R2022a/toolbox/target/supportpackages/freedomk64f/src/ksdk_armgcc_lib/bm/libksdk_platform.a(fsl_mcg_hal.o)
 .text.CLOCK_HAL_TestFllExternalRefFreq
                0x0000a66e       0x2c C:/ProgramData/MATLAB/SupportPackages/R2022a/toolbox/target/supportpackages/freedomk64f/src/ksdk_armgcc_lib/bm/libksdk_platform.a(fsl_mcg_hal.o)
                0x0000a66e                CLOCK_HAL_TestFllExternalRefFreq
 *fill*         0x0000a69a        0x2 
 .text.CLOCK_HAL_GetFllRefClk
                0x0000a69c       0x40 C:/ProgramData/MATLAB/SupportPackages/R2022a/toolbox/target/supportpackages/freedomk64f/src/ksdk_armgcc_lib/bm/libksdk_platform.a(fsl_mcg_hal.o)
                0x0000a69c                CLOCK_HAL_GetFllRefClk
 .text.CLOCK_HAL_TestFllFreq
                0x0000a6dc       0x34 C:/ProgramData/MATLAB/SupportPackages/R2022a/toolbox/target/supportpackages/freedomk64f/src/ksdk_armgcc_lib/bm/libksdk_platform.a(fsl_mcg_hal.o)
                0x0000a6dc                CLOCK_HAL_TestFllFreq
 .text.CLOCK_HAL_GetFllClk
                0x0000a710       0x3c C:/ProgramData/MATLAB/SupportPackages/R2022a/toolbox/target/supportpackages/freedomk64f/src/ksdk_armgcc_lib/bm/libksdk_platform.a(fsl_mcg_hal.o)
                0x0000a710                CLOCK_HAL_GetFllClk
 .text.CLOCK_HAL_UpdateFastClkInternalRefDiv
                0x0000a74c       0x58 C:/ProgramData/MATLAB/SupportPackages/R2022a/toolbox/target/supportpackages/freedomk64f/src/ksdk_armgcc_lib/bm/libksdk_platform.a(fsl_mcg_hal.o)
                0x0000a74c                CLOCK_HAL_UpdateFastClkInternalRefDiv
 .text.CLOCK_HAL_GetPll0Clk
                0x0000a7a4       0x48 C:/ProgramData/MATLAB/SupportPackages/R2022a/toolbox/target/supportpackages/freedomk64f/src/ksdk_armgcc_lib/bm/libksdk_platform.a(fsl_mcg_hal.o)
                0x0000a7a4                CLOCK_HAL_GetPll0Clk
 .text.CLOCK_HAL_EnablePll0InFllMode
                0x0000a7ec       0x38 C:/ProgramData/MATLAB/SupportPackages/R2022a/toolbox/target/supportpackages/freedomk64f/src/ksdk_armgcc_lib/bm/libksdk_platform.a(fsl_mcg_hal.o)
                0x0000a7ec                CLOCK_HAL_EnablePll0InFllMode
 .text.CLOCK_HAL_GetInternalRefClk
                0x0000a824       0x40 C:/ProgramData/MATLAB/SupportPackages/R2022a/toolbox/target/supportpackages/freedomk64f/src/ksdk_armgcc_lib/bm/libksdk_platform.a(fsl_mcg_hal.o)
                0x0000a824                CLOCK_HAL_GetInternalRefClk
 .text.CLOCK_HAL_GetOutClk
                0x0000a864       0x22 C:/ProgramData/MATLAB/SupportPackages/R2022a/toolbox/target/supportpackages/freedomk64f/src/ksdk_armgcc_lib/bm/libksdk_platform.a(fsl_mcg_hal.o)
                0x0000a864                CLOCK_HAL_GetOutClk
 .text.CLOCK_HAL_GetFixedFreqClk
                0x0000a886       0x20 C:/ProgramData/MATLAB/SupportPackages/R2022a/toolbox/target/supportpackages/freedomk64f/src/ksdk_armgcc_lib/bm/libksdk_platform.a(fsl_mcg_hal.o)
                0x0000a886                CLOCK_HAL_GetFixedFreqClk
 .text.CLOCK_HAL_SetOsc0Mode
                0x0000a8a6       0x24 C:/ProgramData/MATLAB/SupportPackages/R2022a/toolbox/target/supportpackages/freedomk64f/src/ksdk_armgcc_lib/bm/libksdk_platform.a(fsl_mcg_hal.o)
                0x0000a8a6                CLOCK_HAL_SetOsc0Mode
 *fill*         0x0000a8ca        0x2 
 .text.CLOCK_HAL_PrepareOsc
                0x0000a8cc       0x30 C:/ProgramData/MATLAB/SupportPackages/R2022a/toolbox/target/supportpackages/freedomk64f/src/ksdk_armgcc_lib/bm/libksdk_platform.a(fsl_mcg_hal_modes.o)
 .text.CLOCK_HAL_GetMcgMode
                0x0000a8fc       0x7c C:/ProgramData/MATLAB/SupportPackages/R2022a/toolbox/target/supportpackages/freedomk64f/src/ksdk_armgcc_lib/bm/libksdk_platform.a(fsl_mcg_hal_modes.o)
                0x0000a8fc                CLOCK_HAL_GetMcgMode
 .text.CLOCK_HAL_SetFbiMode
                0x0000a978       0xc0 C:/ProgramData/MATLAB/SupportPackages/R2022a/toolbox/target/supportpackages/freedomk64f/src/ksdk_armgcc_lib/bm/libksdk_platform.a(fsl_mcg_hal_modes.o)
                0x0000a978                CLOCK_HAL_SetFbiMode
 .text.CLOCK_HAL_SetFbeMode
                0x0000aa38       0xf0 C:/ProgramData/MATLAB/SupportPackages/R2022a/toolbox/target/supportpackages/freedomk64f/src/ksdk_armgcc_lib/bm/libksdk_platform.a(fsl_mcg_hal_modes.o)
                0x0000aa38                CLOCK_HAL_SetFbeMode
 .text.CLOCK_HAL_SetPbeMode
                0x0000ab28       0xd8 C:/ProgramData/MATLAB/SupportPackages/R2022a/toolbox/target/supportpackages/freedomk64f/src/ksdk_armgcc_lib/bm/libksdk_platform.a(fsl_mcg_hal_modes.o)
                0x0000ab28                CLOCK_HAL_SetPbeMode
 .text.OSC_HAL_SetCapacitor
                0x0000ac00        0xe C:/ProgramData/MATLAB/SupportPackages/R2022a/toolbox/target/supportpackages/freedomk64f/src/ksdk_armgcc_lib/bm/libksdk_platform.a(fsl_osc_hal.o)
                0x0000ac00                OSC_HAL_SetCapacitor
 .text.CLOCK_HAL_SetOutDiv
                0x0000ac0e       0x28 C:/ProgramData/MATLAB/SupportPackages/R2022a/toolbox/target/supportpackages/freedomk64f/src/ksdk_armgcc_lib/bm/libksdk_platform.a(fsl_sim_hal_MK64F12.o)
                0x0000ac0e                CLOCK_HAL_SetOutDiv
 *fill*         0x0000ac36        0x2 
 .text.SIM_HAL_GetFtmExternalClkPinMode
                0x0000ac38       0x70 C:/ProgramData/MATLAB/SupportPackages/R2022a/toolbox/target/supportpackages/freedomk64f/src/ksdk_armgcc_lib/bm/libksdk_platform.a(fsl_sim_hal_MK64F12.o)
                0x0000ac38                SIM_HAL_GetFtmExternalClkPinMode
 .text.UART_DRV_CompleteSendData
                0x0000aca8       0x54 C:/ProgramData/MATLAB/SupportPackages/R2022a/toolbox/target/supportpackages/freedomk64f/src/ksdk_armgcc_lib/bm/libksdk_platform.a(fsl_uart_driver.o)
 .text.UART_DRV_CompleteReceiveData
                0x0000acfc       0x5c C:/ProgramData/MATLAB/SupportPackages/R2022a/toolbox/target/supportpackages/freedomk64f/src/ksdk_armgcc_lib/bm/libksdk_platform.a(fsl_uart_driver.o)
 .text.UART_DRV_IRQHandler
                0x0000ad58       0xdc C:/ProgramData/MATLAB/SupportPackages/R2022a/toolbox/target/supportpackages/freedomk64f/src/ksdk_armgcc_lib/bm/libksdk_platform.a(fsl_uart_driver.o)
                0x0000ad58                UART_DRV_IRQHandler
 .text.EDMA_HAL_HTCDSetIntCmd
                0x0000ae34       0x14 C:/ProgramData/MATLAB/SupportPackages/R2022a/toolbox/target/supportpackages/freedomk64f/src/ksdk_armgcc_lib/bm/libksdk_platform.a(fsl_uart_edma_driver.o)
 .text.UART_DRV_EdmaCompleteSendData
                0x0000ae48       0x60 C:/ProgramData/MATLAB/SupportPackages/R2022a/toolbox/target/supportpackages/freedomk64f/src/ksdk_armgcc_lib/bm/libksdk_platform.a(fsl_uart_edma_driver.o)
 .text.UART_DRV_EdmaTxCallback
                0x0000aea8        0x4 C:/ProgramData/MATLAB/SupportPackages/R2022a/toolbox/target/supportpackages/freedomk64f/src/ksdk_armgcc_lib/bm/libksdk_platform.a(fsl_uart_edma_driver.o)
 .text.UART_DRV_EdmaCompleteReceiveData
                0x0000aeac       0x64 C:/ProgramData/MATLAB/SupportPackages/R2022a/toolbox/target/supportpackages/freedomk64f/src/ksdk_armgcc_lib/bm/libksdk_platform.a(fsl_uart_edma_driver.o)
 .text.UART_DRV_EdmaRxCallback
                0x0000af10        0x4 C:/ProgramData/MATLAB/SupportPackages/R2022a/toolbox/target/supportpackages/freedomk64f/src/ksdk_armgcc_lib/bm/libksdk_platform.a(fsl_uart_edma_driver.o)
 .text.UART_DRV_EdmaStartSendData
                0x0000af14       0x78 C:/ProgramData/MATLAB/SupportPackages/R2022a/toolbox/target/supportpackages/freedomk64f/src/ksdk_armgcc_lib/bm/libksdk_platform.a(fsl_uart_edma_driver.o)
 .text.UART_DRV_EdmaInit
                0x0000af8c      0x260 C:/ProgramData/MATLAB/SupportPackages/R2022a/toolbox/target/supportpackages/freedomk64f/src/ksdk_armgcc_lib/bm/libksdk_platform.a(fsl_uart_edma_driver.o)
                0x0000af8c                UART_DRV_EdmaInit
 .text.UART_DRV_EdmaSendData
                0x0000b1ec       0x48 C:/ProgramData/MATLAB/SupportPackages/R2022a/toolbox/target/supportpackages/freedomk64f/src/ksdk_armgcc_lib/bm/libksdk_platform.a(fsl_uart_edma_driver.o)
                0x0000b1ec                UART_DRV_EdmaSendData
 .text.UART_DRV_EdmaGetTransmitStatus
                0x0000b234       0x58 C:/ProgramData/MATLAB/SupportPackages/R2022a/toolbox/target/supportpackages/freedomk64f/src/ksdk_armgcc_lib/bm/libksdk_platform.a(fsl_uart_edma_driver.o)
                0x0000b234                UART_DRV_EdmaGetTransmitStatus
 .text.ADC16_HAL_Init
                0x0000b28c       0x10 C:/ProgramData/MATLAB/SupportPackages/R2022a/toolbox/target/supportpackages/freedomk64f/src/ksdk_armgcc_lib/bm/libksdk_platform.a(fsl_adc16_hal.o)
                0x0000b28c                ADC16_HAL_Init
 .text.ADC16_HAL_ConfigChn
                0x0000b29c       0x40 C:/ProgramData/MATLAB/SupportPackages/R2022a/toolbox/target/supportpackages/freedomk64f/src/ksdk_armgcc_lib/bm/libksdk_platform.a(fsl_adc16_hal.o)
                0x0000b29c                ADC16_HAL_ConfigChn
 .text.ADC16_HAL_ConfigConverter
                0x0000b2dc       0x92 C:/ProgramData/MATLAB/SupportPackages/R2022a/toolbox/target/supportpackages/freedomk64f/src/ksdk_armgcc_lib/bm/libksdk_platform.a(fsl_adc16_hal.o)
                0x0000b2dc                ADC16_HAL_ConfigConverter
 .text.DMAMUX_HAL_Init
                0x0000b36e       0x22 C:/ProgramData/MATLAB/SupportPackages/R2022a/toolbox/target/supportpackages/freedomk64f/src/ksdk_armgcc_lib/bm/libksdk_platform.a(fsl_dmamux_hal.o)
                0x0000b36e                DMAMUX_HAL_Init
 .text.FTM_HAL_SetChnEdgeLevel.part.0
                0x0000b390       0x1c C:/ProgramData/MATLAB/SupportPackages/R2022a/toolbox/target/supportpackages/freedomk64f/src/ksdk_armgcc_lib/bm/libksdk_platform.a(fsl_ftm_hal.o)
 .text.FTM_HAL_Init
                0x0000b3ac       0x3c C:/ProgramData/MATLAB/SupportPackages/R2022a/toolbox/target/supportpackages/freedomk64f/src/ksdk_armgcc_lib/bm/libksdk_platform.a(fsl_ftm_hal.o)
                0x0000b3ac                FTM_HAL_Init
 .text.FTM_HAL_SetSyncMode
                0x0000b3e8       0x98 C:/ProgramData/MATLAB/SupportPackages/R2022a/toolbox/target/supportpackages/freedomk64f/src/ksdk_armgcc_lib/bm/libksdk_platform.a(fsl_ftm_hal.o)
                0x0000b3e8                FTM_HAL_SetSyncMode
 .text.FTM_HAL_Reset
                0x0000b480       0x3e C:/ProgramData/MATLAB/SupportPackages/R2022a/toolbox/target/supportpackages/freedomk64f/src/ksdk_armgcc_lib/bm/libksdk_platform.a(fsl_ftm_hal.o)
                0x0000b480                FTM_HAL_Reset
 .text.FTM_HAL_GetChnPairIndex
                0x0000b4be       0x1e C:/ProgramData/MATLAB/SupportPackages/R2022a/toolbox/target/supportpackages/freedomk64f/src/ksdk_armgcc_lib/bm/libksdk_platform.a(fsl_ftm_hal.o)
                0x0000b4be                FTM_HAL_GetChnPairIndex
 .text.FTM_HAL_EnablePwmMode
                0x0000b4dc       0xd8 C:/ProgramData/MATLAB/SupportPackages/R2022a/toolbox/target/supportpackages/freedomk64f/src/ksdk_armgcc_lib/bm/libksdk_platform.a(fsl_ftm_hal.o)
                0x0000b4dc                FTM_HAL_EnablePwmMode
 .text.GPIO_HAL_SetPinDir
                0x0000b5b4       0x34 C:/ProgramData/MATLAB/SupportPackages/R2022a/toolbox/target/supportpackages/freedomk64f/src/ksdk_armgcc_lib/bm/libksdk_platform.a(fsl_gpio_hal.o)
                0x0000b5b4                GPIO_HAL_SetPinDir
 .text.GPIO_HAL_WritePinOutput
                0x0000b5e8       0x30 C:/ProgramData/MATLAB/SupportPackages/R2022a/toolbox/target/supportpackages/freedomk64f/src/ksdk_armgcc_lib/bm/libksdk_platform.a(fsl_gpio_hal.o)
                0x0000b5e8                GPIO_HAL_WritePinOutput
 .text.UART_HAL_Init
                0x0000b618       0x2a C:/ProgramData/MATLAB/SupportPackages/R2022a/toolbox/target/supportpackages/freedomk64f/src/ksdk_armgcc_lib/bm/libksdk_platform.a(fsl_uart_hal.o)
                0x0000b618                UART_HAL_Init
 .text.UART_HAL_SetBaudRate
                0x0000b642       0x42 C:/ProgramData/MATLAB/SupportPackages/R2022a/toolbox/target/supportpackages/freedomk64f/src/ksdk_armgcc_lib/bm/libksdk_platform.a(fsl_uart_hal.o)
                0x0000b642                UART_HAL_SetBaudRate
 .text.UART_HAL_SetParityMode
                0x0000b684       0x18 C:/ProgramData/MATLAB/SupportPackages/R2022a/toolbox/target/supportpackages/freedomk64f/src/ksdk_armgcc_lib/bm/libksdk_platform.a(fsl_uart_hal.o)
                0x0000b684                UART_HAL_SetParityMode
 .text.UART_HAL_Putchar
                0x0000b69c        0x6 C:/ProgramData/MATLAB/SupportPackages/R2022a/toolbox/target/supportpackages/freedomk64f/src/ksdk_armgcc_lib/bm/libksdk_platform.a(fsl_uart_hal.o)
                0x0000b69c                UART_HAL_Putchar
 .text.UART_HAL_Getchar
                0x0000b6a2        0x8 C:/ProgramData/MATLAB/SupportPackages/R2022a/toolbox/target/supportpackages/freedomk64f/src/ksdk_armgcc_lib/bm/libksdk_platform.a(fsl_uart_hal.o)
                0x0000b6a2                UART_HAL_Getchar
 .text.UART_HAL_SetIntMode
                0x0000b6aa       0x66 C:/ProgramData/MATLAB/SupportPackages/R2022a/toolbox/target/supportpackages/freedomk64f/src/ksdk_armgcc_lib/bm/libksdk_platform.a(fsl_uart_hal.o)
                0x0000b6aa                UART_HAL_SetIntMode
 .text.UART_HAL_SetTxDmaCmd
                0x0000b710       0x28 C:/ProgramData/MATLAB/SupportPackages/R2022a/toolbox/target/supportpackages/freedomk64f/src/ksdk_armgcc_lib/bm/libksdk_platform.a(fsl_uart_hal.o)
                0x0000b710                UART_HAL_SetTxDmaCmd
 .text.UART_HAL_SetRxDmaCmd
                0x0000b738       0x1c C:/ProgramData/MATLAB/SupportPackages/R2022a/toolbox/target/supportpackages/freedomk64f/src/ksdk_armgcc_lib/bm/libksdk_platform.a(fsl_uart_hal.o)
                0x0000b738                UART_HAL_SetRxDmaCmd
 .text.UART_HAL_GetStatusFlag
                0x0000b754       0x30 C:/ProgramData/MATLAB/SupportPackages/R2022a/toolbox/target/supportpackages/freedomk64f/src/ksdk_armgcc_lib/bm/libksdk_platform.a(fsl_uart_hal.o)
                0x0000b754                UART_HAL_GetStatusFlag
 .text.UART_HAL_ClearStatusFlag
                0x0000b784       0x7a C:/ProgramData/MATLAB/SupportPackages/R2022a/toolbox/target/supportpackages/freedomk64f/src/ksdk_armgcc_lib/bm/libksdk_platform.a(fsl_uart_hal.o)
                0x0000b784                UART_HAL_ClearStatusFlag
 *fill*         0x0000b7fe        0x2 
 .text.ceil     0x0000b800      0x100 c:/progra~3/matlab/suppor~1/r2022a/3p778c~1.ins/gnuarm~1.ins/win/bin/../lib/gcc/arm-none-eabi/9.3.1/../../../../arm-none-eabi/lib/thumb/v7e-m+fp/hard\libm.a(lib_a-s_ceil.o)
                0x0000b800                ceil
 .text.fabs     0x0000b900       0x14 c:/progra~3/matlab/suppor~1/r2022a/3p778c~1.ins/gnuarm~1.ins/win/bin/../lib/gcc/arm-none-eabi/9.3.1/../../../../arm-none-eabi/lib/thumb/v7e-m+fp/hard\libm.a(lib_a-s_fabs.o)
                0x0000b900                fabs
 *fill*         0x0000b914        0x4 
 .text.floor    0x0000b918      0x108 c:/progra~3/matlab/suppor~1/r2022a/3p778c~1.ins/gnuarm~1.ins/win/bin/../lib/gcc/arm-none-eabi/9.3.1/../../../../arm-none-eabi/lib/thumb/v7e-m+fp/hard\libm.a(lib_a-s_floor.o)
                0x0000b918                floor
 .text.sqrt     0x0000ba20       0x74 c:/progra~3/matlab/suppor~1/r2022a/3p778c~1.ins/gnuarm~1.ins/win/bin/../lib/gcc/arm-none-eabi/9.3.1/../../../../arm-none-eabi/lib/thumb/v7e-m+fp/hard\libm.a(lib_a-w_sqrt.o)
                0x0000ba20                sqrt
 .text.__ieee754_sqrt
                0x0000ba94      0x188 c:/progra~3/matlab/suppor~1/r2022a/3p778c~1.ins/gnuarm~1.ins/win/bin/../lib/gcc/arm-none-eabi/9.3.1/../../../../arm-none-eabi/lib/thumb/v7e-m+fp/hard\libm.a(lib_a-e_sqrt.o)
                0x0000ba94                __ieee754_sqrt
 .text.abort    0x0000bc1c       0x10 c:/progra~3/matlab/suppor~1/r2022a/3p778c~1.ins/gnuarm~1.ins/win/bin/../lib/gcc/arm-none-eabi/9.3.1/../../../../arm-none-eabi/lib/thumb/v7e-m+fp/hard\libg.a(lib_a-abort.o)
                0x0000bc1c                abort
 .text.__assert_func
                0x0000bc2c       0x3c c:/progra~3/matlab/suppor~1/r2022a/3p778c~1.ins/gnuarm~1.ins/win/bin/../lib/gcc/arm-none-eabi/9.3.1/../../../../arm-none-eabi/lib/thumb/v7e-m+fp/hard\libg.a(lib_a-assert.o)
                0x0000bc2c                __assert_func
 .text.atexit   0x0000bc68        0xc c:/progra~3/matlab/suppor~1/r2022a/3p778c~1.ins/gnuarm~1.ins/win/bin/../lib/gcc/arm-none-eabi/9.3.1/../../../../arm-none-eabi/lib/thumb/v7e-m+fp/hard\libg.a(lib_a-atexit.o)
                0x0000bc68                atexit
 .text.__errno  0x0000bc74        0xc c:/progra~3/matlab/suppor~1/r2022a/3p778c~1.ins/gnuarm~1.ins/win/bin/../lib/gcc/arm-none-eabi/9.3.1/../../../../arm-none-eabi/lib/thumb/v7e-m+fp/hard\libg.a(lib_a-errno.o)
                0x0000bc74                __errno
 .text.exit     0x0000bc80       0x20 c:/progra~3/matlab/suppor~1/r2022a/3p778c~1.ins/gnuarm~1.ins/win/bin/../lib/gcc/arm-none-eabi/9.3.1/../../../../arm-none-eabi/lib/thumb/v7e-m+fp/hard\libg.a(lib_a-exit.o)
                0x0000bc80                exit
 .text.__libc_fini_array
                0x0000bca0       0x2c c:/progra~3/matlab/suppor~1/r2022a/3p778c~1.ins/gnuarm~1.ins/win/bin/../lib/gcc/arm-none-eabi/9.3.1/../../../../arm-none-eabi/lib/thumb/v7e-m+fp/hard\libg.a(lib_a-fini.o)
                0x0000bca0                __libc_fini_array
 .text.fiprintf
                0x0000bccc       0x28 c:/progra~3/matlab/suppor~1/r2022a/3p778c~1.ins/gnuarm~1.ins/win/bin/../lib/gcc/arm-none-eabi/9.3.1/../../../../arm-none-eabi/lib/thumb/v7e-m+fp/hard\libg.a(lib_a-fiprintf.o)
                0x0000bccc                fiprintf
 .text.__libc_init_array
                0x0000bcf4       0x48 c:/progra~3/matlab/suppor~1/r2022a/3p778c~1.ins/gnuarm~1.ins/win/bin/../lib/gcc/arm-none-eabi/9.3.1/../../../../arm-none-eabi/lib/thumb/v7e-m+fp/hard\libg.a(lib_a-init.o)
                0x0000bcf4                __libc_init_array
 .text._malloc_r